Component: ARM Compiler 5.06 update 7 (build 960) Tool: armlink [4d3601]

==============================================================================

Section Cross References

    startup_stm32f10x_md.o(RESET) refers to startup_stm32f10x_md.o(STACK) for __initial_sp
    startup_stm32f10x_md.o(RESET) refers to startup_stm32f10x_md.o(.text) for Reset_Handler
    startup_stm32f10x_md.o(RESET) refers to stm32f10x_it.o(i.NMI_Handler) for NMI_Handler
    startup_stm32f10x_md.o(RESET) refers to stm32f10x_it.o(i.HardFault_Handler) for HardFault_Handler
    startup_stm32f10x_md.o(RESET) refers to stm32f10x_it.o(i.MemManage_Handler) for MemManage_Handler
    startup_stm32f10x_md.o(RESET) refers to stm32f10x_it.o(i.BusFault_Handler) for BusFault_Handler
    startup_stm32f10x_md.o(RESET) refers to stm32f10x_it.o(i.UsageFault_Handler) for UsageFault_Handler
    startup_stm32f10x_md.o(RESET) refers to stm32f10x_it.o(i.SVC_Handler) for SVC_Handler
    startup_stm32f10x_md.o(RESET) refers to stm32f10x_it.o(i.DebugMon_Handler) for DebugMon_Handler
    startup_stm32f10x_md.o(RESET) refers to stm32f10x_it.o(i.PendSV_Handler) for PendSV_Handler
    startup_stm32f10x_md.o(RESET) refers to main.o(i.SysTick_Handler) for SysTick_Handler
    startup_stm32f10x_md.o(RESET) refers to btserial.o(i.USART1_IRQHandler) for USART1_IRQHandler
    startup_stm32f10x_md.o(.text) refers to system_stm32f10x.o(i.SystemInit) for SystemInit
    startup_stm32f10x_md.o(.text) refers to entry.o(.ARM.Collect$$$$00000000) for __main
    system_stm32f10x.o(i.SetSysClock) refers to system_stm32f10x.o(i.SetSysClockTo72) for SetSysClockTo72
    system_stm32f10x.o(i.SystemCoreClockUpdate) refers to system_stm32f10x.o(.data) for SystemCoreClock
    system_stm32f10x.o(i.SystemInit) refers to system_stm32f10x.o(i.SetSysClock) for SetSysClock
    stm32f10x_adc.o(i.ADC_DeInit) refers to stm32f10x_rcc.o(i.RCC_APB2PeriphResetCmd) for RCC_APB2PeriphResetCmd
    stm32f10x_bkp.o(i.BKP_DeInit) refers to stm32f10x_rcc.o(i.RCC_BackupResetCmd) for RCC_BackupResetCmd
    stm32f10x_can.o(i.CAN_DeInit) refers to stm32f10x_rcc.o(i.RCC_APB1PeriphResetCmd) for RCC_APB1PeriphResetCmd
    stm32f10x_can.o(i.CAN_GetITStatus) refers to stm32f10x_can.o(i.CheckITStatus) for CheckITStatus
    stm32f10x_cec.o(i.CEC_DeInit) refers to stm32f10x_rcc.o(i.RCC_APB1PeriphResetCmd) for RCC_APB1PeriphResetCmd
    stm32f10x_dac.o(i.DAC_DeInit) refers to stm32f10x_rcc.o(i.RCC_APB1PeriphResetCmd) for RCC_APB1PeriphResetCmd
    stm32f10x_flash.o(i.FLASH_EnableWriteProtection) refers to stm32f10x_flash.o(i.FLASH_WaitForLastOperation) for FLASH_WaitForLastOperation
    stm32f10x_flash.o(i.FLASH_EraseAllBank1Pages) refers to stm32f10x_flash.o(i.FLASH_WaitForLastBank1Operation) for FLASH_WaitForLastBank1Operation
    stm32f10x_flash.o(i.FLASH_EraseAllPages) refers to stm32f10x_flash.o(i.FLASH_WaitForLastOperation) for FLASH_WaitForLastOperation
    stm32f10x_flash.o(i.FLASH_EraseOptionBytes) refers to stm32f10x_flash.o(i.FLASH_GetReadOutProtectionStatus) for FLASH_GetReadOutProtectionStatus
    stm32f10x_flash.o(i.FLASH_EraseOptionBytes) refers to stm32f10x_flash.o(i.FLASH_WaitForLastOperation) for FLASH_WaitForLastOperation
    stm32f10x_flash.o(i.FLASH_ErasePage) refers to stm32f10x_flash.o(i.FLASH_WaitForLastOperation) for FLASH_WaitForLastOperation
    stm32f10x_flash.o(i.FLASH_ProgramHalfWord) refers to stm32f10x_flash.o(i.FLASH_WaitForLastOperation) for FLASH_WaitForLastOperation
    stm32f10x_flash.o(i.FLASH_ProgramOptionByteData) refers to stm32f10x_flash.o(i.FLASH_WaitForLastOperation) for FLASH_WaitForLastOperation
    stm32f10x_flash.o(i.FLASH_ProgramWord) refers to stm32f10x_flash.o(i.FLASH_WaitForLastOperation) for FLASH_WaitForLastOperation
    stm32f10x_flash.o(i.FLASH_ReadOutProtection) refers to stm32f10x_flash.o(i.FLASH_WaitForLastOperation) for FLASH_WaitForLastOperation
    stm32f10x_flash.o(i.FLASH_UserOptionByteConfig) refers to stm32f10x_flash.o(i.FLASH_WaitForLastOperation) for FLASH_WaitForLastOperation
    stm32f10x_flash.o(i.FLASH_WaitForLastBank1Operation) refers to stm32f10x_flash.o(i.FLASH_GetBank1Status) for FLASH_GetBank1Status
    stm32f10x_flash.o(i.FLASH_WaitForLastOperation) refers to stm32f10x_flash.o(i.FLASH_GetBank1Status) for FLASH_GetBank1Status
    stm32f10x_gpio.o(i.GPIO_AFIODeInit) refers to stm32f10x_rcc.o(i.RCC_APB2PeriphResetCmd) for RCC_APB2PeriphResetCmd
    stm32f10x_gpio.o(i.GPIO_DeInit) refers to stm32f10x_rcc.o(i.RCC_APB2PeriphResetCmd) for RCC_APB2PeriphResetCmd
    stm32f10x_i2c.o(i.I2C_DeInit) refers to stm32f10x_rcc.o(i.RCC_APB1PeriphResetCmd) for RCC_APB1PeriphResetCmd
    stm32f10x_i2c.o(i.I2C_Init) refers to stm32f10x_rcc.o(i.RCC_GetClocksFreq) for RCC_GetClocksFreq
    stm32f10x_pwr.o(i.PWR_DeInit) refers to stm32f10x_rcc.o(i.RCC_APB1PeriphResetCmd) for RCC_APB1PeriphResetCmd
    stm32f10x_rcc.o(i.RCC_GetClocksFreq) refers to stm32f10x_rcc.o(.data) for APBAHBPrescTable
[...]
    Library\stm32f10x_tim.c                  0x00000000   Number         0  stm32f10x_tim.o ABSOLUTE
    Library\stm32f10x_usart.c                0x00000000   Number         0  stm32f10x_usart.o ABSOLUTE
    Library\stm32f10x_wwdg.c                 0x00000000   Number         0  stm32f10x_wwdg.o ABSOLUTE
    Start\\core_cm3.c                        0x00000000   Number         0  core_cm3.o ABSOLUTE
    Start\core_cm3.c                         0x00000000   Number         0  core_cm3.o ABSOLUTE
    Start\startup_stm32f10x_md.s             0x00000000   Number         0  startup_stm32f10x_md.o ABSOLUTE
    Start\system_stm32f10x.c                 0x00000000   Number         0  system_stm32f10x.o ABSOLUTE
    System\Delay.c                           0x00000000   Number         0  delay.o ABSOLUTE
    User\main.c                              0x00000000   Number         0  main.o ABSOLUTE
    User\stm32f10x_it.c                      0x00000000   Number         0  stm32f10x_it.o ABSOLUTE
    cdcmple.s                                0x00000000   Number         0  cdcmple.o ABSOLUTE
    cdrcmple.s                               0x00000000   Number         0  cdrcmple.o ABSOLUTE
    cfcmple.s                                0x00000000   Number         0  cfcmple.o ABSOLUTE
    cfrcmple.s                               0x00000000   Number         0  cfrcmple.o ABSOLUTE
    dc.s                                     0x00000000   Number         0  dc.o ABSOLUTE
    handlers.s                               0x00000000   Number         0  handlers.o ABSOLUTE
    init.s                                   0x00000000   Number         0  init.o ABSOLUTE
    RESET                                    0x08000000   Section      236  startup_stm32f10x_md.o(RESET)
    .ARM.Collect$$$$00000000                 0x080000ec   Section        0  entry.o(.ARM.Collect$$$$00000000)
    .ARM.Collect$$$$00000001                 0x080000ec   Section        4  entry2.o(.ARM.Collect$$$$00000001)
    .ARM.Collect$$$$00000004                 0x080000f0   Section        4  entry5.o(.ARM.Collect$$$$00000004)
    .ARM.Collect$$$$00000008                 0x080000f4   Section        0  entry7b.o(.ARM.Collect$$$$00000008)
    .ARM.Collect$$$$0000000A                 0x080000f4   Section        0  entry8b.o(.ARM.Collect$$$$0000000A)
    .ARM.Collect$$$$0000000B                 0x080000f4   Section        8  entry9a.o(.ARM.Collect$$$$0000000B)
    .ARM.Collect$$$$0000000E                 0x080000fc   Section        4  entry12b.o(.ARM.Collect$$$$0000000E)
    .ARM.Collect$$$$0000000F                 0x08000100   Section        0  entry10a.o(.ARM.Collect$$$$0000000F)
    .ARM.Collect$$$$00000011                 0x08000100   Section        0  entry11a.o(.ARM.Collect$$$$00000011)
    .ARM.Collect$$$$00002712                 0x08000100   Section        4  entry2.o(.ARM.Collect$$$$00002712)
    __lit__00000000                          0x08000100   Data           4  entry2.o(.ARM.Collect$$$$00002712)
    .text                                    0x08000104   Section       36  startup_stm32f10x_md.o(.text)
    .text                                    0x08000128   Section        0  strstr.o(.text)
    .text                                    0x0800014c   Section        0  strncpy.o(.text)
    .text                                    0x08000164   Section        0  strchr.o(.text)
    .text                                    0x08000178   Section        0  strcmp.o(.text)
    .text                                    0x08000194   Section        0  strcpy.o(.text)
    .text                                    0x080001a6   Section        0  fadd.o(.text)
    .text                                    0x08000256   Section        0  fmul.o(.text)
    .text                                    0x080002ba   Section        0  fdiv.o(.text)
    .text                                    0x08000336   Section        0  dadd.o(.text)
    .text                                    0x08000484   Section        0  dmul.o(.text)
    .text                                    0x08000568   Section        0  ddiv.o(.text)
    .text                                    0x08000646   Section        0  fflti.o(.text)
    .text                                    0x08000658   Section        0  ffltui.o(.text)
    .text                                    0x08000662   Section        0  dfltui.o(.text)
    .text                                    0x0800067c   Section        0  ffixi.o(.text)
    .text                                    0x080006ae   Section        0  ffixui.o(.text)
    .text                                    0x080006d6   Section        0  dfixui.o(.text)
    .text                                    0x08000708   Section        0  f2d.o(.text)
    .text                                    0x08000730   Section       48  cdcmple.o(.text)
    .text                                    0x08000760   Section       48  cdrcmple.o(.text)
    .text                                    0x08000790   Section        0  d2f.o(.text)
    .text                                    0x080007c8   Section       20  cfcmple.o(.text)
    .text                                    0x080007dc   Section       20  cfrcmple.o(.text)
    .text                                    0x080007f0   Section        0  uidiv.o(.text)
    .text                                    0x0800081c   Section        0  uldiv.o(.text)
    .text                                    0x0800087e   Section        0  llshl.o(.text)
    .text                                    0x0800089c   Section        0  llushr.o(.text)
    .text                                    0x080008bc   Section        0  llsshr.o(.text)
    .text                                    0x080008e0   Section        0  iusefp.o(.text)
    .text                                    0x080008e0   Section        0  fepilogue.o(.text)
    .text                                    0x0800094e   Section        0  fscalb.o(.text)
    .text                                    0x08000966   Section        0  depilogue.o(.text)
    .text                                    0x08000a20   Section        0  drnd.o(.text)
    .text                                    0x08000aa8   Section        0  dfixul.o(.text)
    .text                                    0x08000ad8   Section        0  ffixir.o(.text)
    .text                                    0x08000b24   Section        0  fpstat.o(.text)
    .text                                    0x08000b28   Section       36  init.o(.text)
    i.ADC_Cmd                                0x08000b4c   Section        0  stm32f10x_adc.o(i.ADC_Cmd)
    i.ADC_GetCalibrationStatus               0x08000b62   Section        0  stm32f10x_adc.o(i.ADC_GetCalibrationStatus)
    i.ADC_GetConversionValue                 0x08000b76   Section        0  stm32f10x_adc.o(i.ADC_GetConversionValue)
    i.ADC_GetFlagStatus                      0x08000b7e   Section        0  stm32f10x_adc.o(i.ADC_GetFlagStatus)
    i.ADC_GetResetCalibrationStatus          0x08000b90   Section        0  stm32f10x_adc.o(i.ADC_GetResetCalibrationStatus)
    i.ADC_Init                               0x08000ba4   Section        0  stm32f10x_adc.o(i.ADC_Init)
    i.ADC_RegularChannelConfig               0x08000bf4   Section        0  stm32f10x_adc.o(i.ADC_RegularChannelConfig)
    i.ADC_ResetCalibration                   0x08000cac   Section        0  stm32f10x_adc.o(i.ADC_ResetCalibration)
    i.ADC_SoftwareStartConvCmd               0x08000cb6   Section        0  stm32f10x_adc.o(i.ADC_SoftwareStartConvCmd)
    i.ADC_StartCalibration                   0x08000ccc   Section        0  stm32f10x_adc.o(i.ADC_StartCalibration)
    i.BtSerial_GetChar                       0x08000cd8   Section        0  btserial.o(i.BtSerial_GetChar)
    BtSerial_GetChar                         0x08000cd9   Thumb Code    54  btserial.o(i.BtSerial_GetChar)
    i.BtSerial_Init                          0x08000d1c   Section        0  btserial.o(i.BtSerial_Init)
    i.BtSerial_PutChar                       0x08000dd0   Section        0  btserial.o(i.BtSerial_PutChar)
    BtSerial_PutChar                         0x08000dd1   Thumb Code    44  btserial.o(i.BtSerial_PutChar)
    i.BtSerial_ReadLine                      0x08000e08   Section        0  btserial.o(i.BtSerial_ReadLine)
    i.BtSerial_SendByte                      0x08000e68   Section        0  btserial.o(i.BtSerial_SendByte)
    i.BtSerial_SendString                    0x08000e88   Section        0  btserial.o(i.BtSerial_SendString)
    i.BusFault_Handler                       0x08000ea2   Section        0  stm32f10x_it.o(i.BusFault_Handler)
    i.Buzzer_Init                            0x08000ea8   Section        0  buzzer.o(i.Buzzer_Init)
    i.Buzzer_OFF                             0x08000ed8   Section        0  buzzer.o(i.Buzzer_OFF)
    i.Buzzer_ON                              0x08000ee8   Section        0  buzzer.o(i.Buzzer_ON)
    i.DebugMon_Handler                       0x08000ef8   Section        0  stm32f10x_it.o(i.DebugMon_Handler)
    i.Delay_ms                               0x08000efa   Section        0  delay.o(i.Delay_ms)
    i.Delay_us                               0x08000f14   Section        0  delay.o(i.Delay_us)
    i.ESP8266_ConnectWIFI                    0x08000f38   Section        0  esp8266.o(i.ESP8266_ConnectWIFI)
    i.ESP8266_DisableEcho                    0x08000fa8   Section        0  esp8266.o(i.ESP8266_DisableEcho)
    i.ESP8266_SendCmdOK                      0x08000fc4   Section        0  esp8266.o(i.ESP8266_SendCmdOK)
    i.ESP8266_SendWait                       0x08000fdc   Section        0  esp8266.o(i.ESP8266_SendWait)
    i.GPIO_Init                              0x0800104c   Section        0  stm32f10x_gpio.o(i.GPIO_Init)
    i.GPIO_ReadInputDataBit                  0x08001162   Section        0  stm32f10x_gpio.o(i.GPIO_ReadInputDataBit)
    i.GPIO_ResetBits                         0x08001174   Section        0  stm32f10x_gpio.o(i.GPIO_ResetBits)
    i.GPIO_SetBits                           0x08001178   Section        0  stm32f10x_gpio.o(i.GPIO_SetBits)
    i.GPIO_WriteBit                          0x0800117c   Section        0  stm32f10x_gpio.o(i.GPIO_WriteBit)
    i.HardFault_Handler                      0x08001186   Section        0  stm32f10x_it.o(i.HardFault_Handler)
    i.Key_Back                               0x0800118c   Section        0  key.o(i.Key_Back)
    i.Key_Down                               0x080011e0   Section        0  key.o(i.Key_Down)
    i.Key_GetNum                             0x08001234   Section        0  key.o(i.Key_GetNum)
    i.Key_Init                               0x08001264   Section        0  key.o(i.Key_Init)
    i.Key_OK                                 0x08001290   Section        0  key.o(i.Key_OK)
    i.Key_Up                                 0x080012e4   Section        0  key.o(i.Key_Up)
    i.LED1_OFF                               0x08001338   Section        0  led.o(i.LED1_OFF)
    i.LED1_ON                                0x08001348   Section        0  led.o(i.LED1_ON)
    i.LED_Init                               0x08001358   Section        0  led.o(i.LED_Init)
    i.MQ2_AD_Read                            0x0800138c   Section        0  mq2.o(i.MQ2_AD_Read)
    i.MQ2_GetData                            0x080013b0   Section        0  mq2.o(i.MQ2_GetData)
    i.MQ2_GetPPM                             0x080013d8   Section        0  mq2.o(i.MQ2_GetPPM)
    i.MQ2_Init                               0x08001490   Section        0  mq2.o(i.MQ2_Init)
    i.MQTT_Init                              0x08001530   Section        0  mqtt.o(i.MQTT_Init)
    i.MQTT_Publish                           0x08001a94   Section        0  main.o(i.MQTT_Publish)
    i.MQTT_PublishSensorData                 0x08001bb0   Section        0  mqtt.o(i.MQTT_PublishSensorData)
    i.MQTT_PublishStatusDataBuzzer           0x08001c50   Section        0  mqtt.o(i.MQTT_PublishStatusDataBuzzer)
    i.MQTT_PublishStatusDataFan              0x08001cf4   Section        0  mqtt.o(i.MQTT_PublishStatusDataFan)
    i.MQTT_PublishStatusDataLed              0x08001d98   Section        0  mqtt.o(i.MQTT_PublishStatusDataLed)
    i.MQTT_PublishStatusDataStation          0x08001e3c   Section        0  mqtt.o(i.MQTT_PublishStatusDataStation)
    i.MQTT_Station                           0x08001ee0   Section        0  main.o(i.MQTT_Station)
    i.MQTT_Tast                              0x08001fec   Section        0  main.o(i.MQTT_Tast)
    i.MemManage_Handler                      0x080020a8   Section        0  stm32f10x_it.o(i.MemManage_Handler)
    i.MenuEnter                              0x080020ac   Section        0  menu.o(i.MenuEnter)
    i.Menu_KeyScan                           0x080022e0   Section        0  menu.o(i.Menu_KeyScan)
    i.NMI_Handler                            0x0800235c   Section        0  stm32f10x_it.o(i.NMI_Handler)
    i.NVIC_Init                              0x08002360   Section        0  misc.o(i.NVIC_Init)
    i.NVIC_PriorityGroupConfig               0x080023d0   Section        0  misc.o(i.NVIC_PriorityGroupConfig)
    i.OLED_Clear                             0x080023e4   Section        0  oled.o(i.OLED_Clear)
    i.OLED_ClearArea                         0x0800240c   Section        0  oled.o(i.OLED_ClearArea)
    i.OLED_GPIO_Init                         0x0800249c   Section        0  oled.o(i.OLED_GPIO_Init)
    i.OLED_I2C_SendByte                      0x080024fc   Section        0  oled.o(i.OLED_I2C_SendByte)
    i.OLED_I2C_Start                         0x0800253a   Section        0  oled.o(i.OLED_I2C_Start)
    i.OLED_I2C_Stop                          0x08002556   Section        0  oled.o(i.OLED_I2C_Stop)
    i.OLED_Init                              0x0800256c   Section        0  oled.o(i.OLED_Init)
    i.OLED_Pow                               0x08002606   Section        0  oled.o(i.OLED_Pow)
    i.OLED_SetCursor                         0x0800261a   Section        0  oled.o(i.OLED_SetCursor)
    i.OLED_ShowChar                          0x0800263c   Section        0  oled.o(i.OLED_ShowChar)
    i.OLED_ShowFloatNum                      0x08002690   Section        0  oled.o(i.OLED_ShowFloatNum)
    i.OLED_ShowImage                         0x08002764   Section        0  oled.o(i.OLED_ShowImage)
    i.OLED_ShowNum                           0x08002860   Section        0  oled.o(i.OLED_ShowNum)
    i.OLED_ShowSignedNum                     0x080028ac   Section        0  oled.o(i.OLED_ShowSignedNum)
    i.OLED_ShowString                        0x0800291c   Section        0  oled.o(i.OLED_ShowString)
    i.OLED_Update                            0x08002a2c   Section        0  oled.o(i.OLED_Update)
    i.OLED_W_SCL                             0x08002a54   Section        0  oled.o(i.OLED_W_SCL)
    i.OLED_W_SDA                             0x08002a6c   Section        0  oled.o(i.OLED_W_SDA)
    i.OLED_WriteCommand                      0x08002a84   Section        0  oled.o(i.OLED_WriteCommand)
    i.OLED_WriteData                         0x08002aa4   Section        0  oled.o(i.OLED_WriteData)
    i.PWM_Init                               0x08002ad4   Section        0  pwm.o(i.PWM_Init)
    i.PWM_SetCompare3                        0x08002b8c   Section        0  pwm.o(i.PWM_SetCompare3)
    i.PWM_SetSpeed                           0x08002ba0   Section        0  pwm.o(i.PWM_SetSpeed)
    i.PendSV_Handler                         0x08002be0   Section        0  stm32f10x_it.o(i.PendSV_Handler)
    i.ProcessMQTTMessage                     0x08002be4   Section        0  mqtt.o(i.ProcessMQTTMessage)
    i.Queue_Pop                              0x08002ee8   Section        0  queue.o(i.Queue_Pop)
    i.Queue_Push                             0x08002f34   Section        0  queue.o(i.Queue_Push)
    i.RCC_ADCCLKConfig                       0x08002f7c   Section        0  stm32f10x_rcc.o(i.RCC_ADCCLKConfig)
    i.RCC_APB1PeriphClockCmd                 0x08002f94   Section        0  stm32f10x_rcc.o(i.RCC_APB1PeriphClockCmd)
    i.RCC_APB2PeriphClockCmd                 0x08002fb4   Section        0  stm32f10x_rcc.o(i.RCC_APB2PeriphClockCmd)
    i.RCC_GetClocksFreq                      0x08002fd4   Section        0  stm32f10x_rcc.o(i.RCC_GetClocksFreq)
    i.SHT30_CRC8                             0x080030a8   Section        0  sht30.o(i.SHT30_CRC8)
    i.SHT30_GetData                          0x080030e4   Section        0  main.o(i.SHT30_GetData)
    i.SHT30_Init                             0x0800311c   Section        0  sht30.o(i.SHT30_Init)
    i.SHT30_Measure                          0x08003154   Section        0  sht30.o(i.SHT30_Measure)
    i.SHT30_R_SDA                            0x08003214   Section        0  sht30.o(i.SHT30_R_SDA)
    i.SHT30_ReceiveAck                       0x0800322c   Section        0  sht30.o(i.SHT30_ReceiveAck)
    i.SHT30_ReceiveByte                      0x08003262   Section        0  sht30.o(i.SHT30_ReceiveByte)
    i.SHT30_ReceiveData                      0x08003294   Section        0  sht30.o(i.SHT30_ReceiveData)
    i.SHT30_SendAck                          0x080032d0   Section        0  sht30.o(i.SHT30_SendAck)
    i.SHT30_SendByte                         0x080032e8   Section        0  sht30.o(i.SHT30_SendByte)
    i.SHT30_SendCommand                      0x08003322   Section        0  sht30.o(i.SHT30_SendCommand)
    i.SHT30_Start                            0x0800334c   Section        0  sht30.o(i.SHT30_Start)
    i.SHT30_Stop                             0x0800337a   Section        0  sht30.o(i.SHT30_Stop)
    i.SHT30_W_SCL                            0x080033a4   Section        0  sht30.o(i.SHT30_W_SCL)
    i.SHT30_W_SDA                            0x080033bc   Section        0  sht30.o(i.SHT30_W_SDA)
    i.SVC_Handler                            0x080033d4   Section        0  stm32f10x_it.o(i.SVC_Handler)
    i.SetSysClock                            0x080033d6   Section        0  system_stm32f10x.o(i.SetSysClock)
    SetSysClock                              0x080033d7   Thumb Code     8  system_stm32f10x.o(i.SetSysClock)
    i.SetSysClockTo72                        0x080033e0   Section        0  system_stm32f10x.o(i.SetSysClockTo72)
    SetSysClockTo72                          0x080033e1   Thumb Code   214  system_stm32f10x.o(i.SetSysClockTo72)
    i.ShowMenu                               0x080034c0   Section        0  menu.o(i.ShowMenu)
    i.SysTick_Handler                        0x08003598   Section        0  main.o(i.SysTick_Handler)
    i.SysTick_Init                           0x080035a8   Section        0  main.o(i.SysTick_Init)
    i.SystemInit                             0x08003608   Section        0  system_stm32f10x.o(i.SystemInit)
    i.TIM2_DelayInit                         0x08003668   Section        0  delay.o(i.TIM2_DelayInit)
    i.TIM_Cmd                                0x080036ae   Section        0  stm32f10x_tim.o(i.TIM_Cmd)
    i.TIM_GetCounter                         0x080036c6   Section        0  stm32f10x_tim.o(i.TIM_GetCounter)
    i.TIM_ITConfig                           0x080036cc   Section        0  stm32f10x_tim.o(i.TIM_ITConfig)
    i.TIM_InternalClockConfig                0x080036de   Section        0  stm32f10x_tim.o(i.TIM_InternalClockConfig)
    i.TIM_OC3Init                            0x080036ec   Section        0  stm32f10x_tim.o(i.TIM_OC3Init)
    i.TIM_OCStructInit                       0x0800378c   Section        0  stm32f10x_tim.o(i.TIM_OCStructInit)
    i.TIM_SetCompare3                        0x080037a0   Section        0  stm32f10x_tim.o(i.TIM_SetCompare3)
    i.TIM_TimeBaseInit                       0x080037a4   Section        0  stm32f10x_tim.o(i.TIM_TimeBaseInit)
    i.Temp_Menu                              0x08003848   Section        0  menu.o(i.Temp_Menu)
    i.USART1_IRQHandler                      0x08003b3c   Section        0  btserial.o(i.USART1_IRQHandler)
    i.USART_ClearITPendingBit                0x08003be4   Section        0  stm32f10x_usart.o(i.USART_ClearITPendingBit)
    i.USART_Cmd                              0x08003c02   Section        0  stm32f10x_usart.o(i.USART_Cmd)
    i.USART_GetFlagStatus                    0x08003c1a   Section        0  stm32f10x_usart.o(i.USART_GetFlagStatus)
    i.USART_GetITStatus                      0x08003c34   Section        0  stm32f10x_usart.o(i.USART_GetITStatus)
    i.USART_ITConfig                         0x08003c88   Section        0  stm32f10x_usart.o(i.USART_ITConfig)
    i.USART_Init                             0x08003cd4   Section        0  stm32f10x_usart.o(i.USART_Init)
    i.USART_ReceiveData                      0x08003dac   Section        0  stm32f10x_usart.o(i.USART_ReceiveData)
    i.USART_SendData                         0x08003db6   Section        0  stm32f10x_usart.o(i.USART_SendData)
    i.UsageFault_Handler                     0x08003dbe   Section        0  stm32f10x_it.o(i.UsageFault_Handler)
    i.WaitFor                                0x08003dc2   Section        0  mqtt.o(i.WaitFor)
    i.__0sprintf                             0x08003e00   Section        0  printfa.o(i.__0sprintf)
    i.__ARM_fpclassifyf                      0x08003e28   Section        0  fpclassifyf.o(i.__ARM_fpclassifyf)
    i.__mathlib_flt_divzero                  0x08003e4e   Section        0  funder.o(i.__mathlib_flt_divzero)
    i.__mathlib_flt_infnan2                  0x08003e58   Section        0  funder.o(i.__mathlib_flt_infnan2)
    i.__mathlib_flt_invalid                  0x08003e5c   Section        0  funder.o(i.__mathlib_flt_invalid)
    i.__mathlib_flt_overflow                 0x08003e64   Section        0  funder.o(i.__mathlib_flt_overflow)
    i.__mathlib_flt_underflow                0x08003e6e   Section        0  funder.o(i.__mathlib_flt_underflow)
    i.__scatterload_copy                     0x08003e78   Section       14  handlers.o(i.__scatterload_copy)
    i.__scatterload_null                     0x08003e86   Section        2  handlers.o(i.__scatterload_null)
    i.__scatterload_zeroinit                 0x08003e88   Section       14  handlers.o(i.__scatterload_zeroinit)
    i.__set_errno                            0x08003e98   Section        0  errno.o(i.__set_errno)
    i._fp_digits                             0x08003ea4   Section        0  printfa.o(i._fp_digits)
    _fp_digits                               0x08003ea5   Thumb Code   366  printfa.o(i._fp_digits)
    i._printf_core                           0x08004028   Section        0  printfa.o(i._printf_core)
    _printf_core                             0x08004029   Thumb Code  1704  printfa.o(i._printf_core)
    i._printf_post_padding                   0x080046dc   Section        0  printfa.o(i._printf_post_padding)
    _printf_post_padding                     0x080046dd   Thumb Code    36  printfa.o(i._printf_post_padding)
    i._printf_pre_padding                    0x08004700   Section        0  printfa.o(i._printf_pre_padding)
    _printf_pre_padding                      0x08004701   Thumb Code    46  printfa.o(i._printf_pre_padding)
    i._sputc                                 0x0800472e   Section        0  printfa.o(i._sputc)
    _sputc                                   0x0800472f   Thumb Code    10  printfa.o(i._sputc)
    i.main                                   0x08004738   Section        0  main.o(i.main)
    i.millis                                 0x08004934   Section        0  main.o(i.millis)
    i.powf                                   0x08004940   Section        0  powf.o(i.powf)
    i.round                                  0x08004f60   Section        0  round.o(i.round)
    .constdata                               0x08004ff4   Section       16  mqtt.o(.constdata)
    .constdata                               0x08005004   Section     2367  oled_data.o(.constdata)
    .constdata                               0x08005944   Section      320  powf.o(.constdata)
    table                                    0x08005944   Data         128  powf.o(.constdata)
    powersof2to1over16top                    0x080059c4   Data          64  powf.o(.constdata)
    powersof2to1over16bot                    0x08005a04   Data          64  powf.o(.constdata)
    powersof2to1over16all                    0x08005a44   Data          64  powf.o(.constdata)
    .conststring                             0x08005a84   Section      638  mqtt.o(.conststring)
    .data                                    0x20000000   Section       20  system_stm32f10x.o(.data)
    .data                                    0x20000014   Section       20  stm32f10x_rcc.o(.data)
    APBAHBPrescTable                         0x20000014   Data          16  stm32f10x_rcc.o(.data)
    ADCPrescTable                            0x20000024   Data           4  stm32f10x_rcc.o(.data)
    .data                                    0x20000028   Section        4  key.o(.data)
    Key                                      0x20000028   Data           1  key.o(.data)
    Key                                      0x20000029   Data           1  key.o(.data)
    Key                                      0x2000002a   Data           1  key.o(.data)
    Key                                      0x2000002b   Data           1  key.o(.data)
    .data                                    0x2000002c   Section        7  btserial.o(.data)
    rx_head                                  0x2000002c   Data           2  btserial.o(.data)
    rx_tail                                  0x2000002e   Data           2  btserial.o(.data)
    RxState                                  0x20000031   Data           1  btserial.o(.data)
    pRxState                                 0x20000032   Data           1  btserial.o(.data)
    .data                                    0x20000033   Section        2  queue.o(.data)
    head                                     0x20000033   Data           1  queue.o(.data)
    tail                                     0x20000034   Data           1  queue.o(.data)
    .data                                    0x20000035   Section        5  menu.o(.data)
    page                                     0x20000038   Data           1  menu.o(.data)
    hang                                     0x20000039   Data           1  menu.o(.data)
    .data                                    0x2000003c   Section       52  main.o(.data)
    last_time1                               0x20000068   Data           4  main.o(.data)
    lasttime                                 0x2000006c   Data           4  main.o(.data)
    .data                                    0x20000070   Section        4  errno.o(.data)
    _errno                                   0x20000070   Data           4  errno.o(.data)
    .bss                                     0x20000074   Section      356  btserial.o(.bss)
    rx_buf                                   0x20000074   Data         256  btserial.o(.bss)
    .bss                                     0x200001d8   Section     2048  queue.o(.bss)
    queue                                    0x200001d8   Data        2048  queue.o(.bss)
    .bss                                     0x200009d8   Section     1024  oled.o(.bss)
    .bss                                     0x20000dd8   Section      512  main.o(.bss)
    STACK                                    0x20000fd8   Section     1024  startup_stm32f10x_md.o(STACK)

    Global Symbols

    Symbol Name                              Value     Ov Type        Size  Object(Section)

    BuildAttributes$$THM_ISAv4$P$D$K$B$S$PE$A:L22UL41UL21$X:L11$S22US41US21$IEEE1$IW$USESV6$~STKCKD$USESV7$~SHL$OTIME$ROPI$IEEEX$EBA8$MICROLIB$REQ8$PRES8$EABIv2 0x00000000   Number         0  anon$$obj.o ABSOLUTE
    __ARM_use_no_argv                        0x00000000   Number         0  main.o ABSOLUTE
    _printf_a                                0x00000000   Number         0  stubs.o ABSOLUTE
    _printf_c                                0x00000000   Number         0  stubs.o ABSOLUTE
    _printf_charcount                        0x00000000   Number         0  stubs.o ABSOLUTE
    _printf_d                                0x00000000   Number         0  stubs.o ABSOLUTE
    _printf_e                                0x00000000   Number         0  stubs.o ABSOLUTE
    _printf_f                                0x00000000   Number         0  stubs.o ABSOLUTE
    _printf_flags                            0x00000000   Number         0  stubs.o ABSOLUTE
    _printf_fp_dec                           0x00000000   Number         0  stubs.o ABSOLUTE
    _printf_fp_hex                           0x00000000   Number         0  stubs.o ABSOLUTE
    _printf_g                                0x00000000   Number         0  stubs.o ABSOLUTE
    _printf_i                                0x00000000   Number         0  stubs.o ABSOLUTE
    _printf_int_dec                          0x00000000   Number         0  stubs.o ABSOLUTE
    _printf_l                                0x00000000   Number         0  stubs.o ABSOLUTE
    _printf_lc                               0x00000000   Number         0  stubs.o ABSOLUTE
    _printf_ll                               0x00000000   Number         0  stubs.o ABSOLUTE
    _printf_lld                              0x00000000   Number         0  stubs.o ABSOLUTE
    _printf_lli                              0x00000000   Number         0  stubs.o ABSOLUTE
    _printf_llo                              0x00000000   Number         0  stubs.o ABSOLUTE
    _printf_llu                              0x00000000   Number         0  stubs.o ABSOLUTE
    _printf_llx                              0x00000000   Number         0  stubs.o ABSOLUTE
    _printf_longlong_dec                     0x00000000   Number         0  stubs.o ABSOLUTE
    _printf_longlong_hex                     0x00000000   Number         0  stubs.o ABSOLUTE
    _printf_longlong_oct                     0x00000000   Number         0  stubs.o ABSOLUTE
    _printf_ls                               0x00000000   Number         0  stubs.o ABSOLUTE
    _printf_mbtowc                           0x00000000   Number         0  stubs.o ABSOLUTE
    _printf_n                                0x00000000   Number         0  stubs.o ABSOLUTE
    _printf_o                                0x00000000   Number         0  stubs.o ABSOLUTE
    _printf_p                                0x00000000   Number         0  stubs.o ABSOLUTE
    _printf_percent                          0x00000000   Number         0  stubs.o ABSOLUTE
    _printf_pre_padding                      0x00000000   Number         0  stubs.o ABSOLUTE
    _printf_return_value                     0x00000000   Number         0  stubs.o ABSOLUTE
    _printf_s                                0x00000000   Number         0  stubs.o ABSOLUTE
    _printf_sizespec                         0x00000000   Number         0  stubs.o ABSOLUTE
    _printf_str                              0x00000000   Number         0  stubs.o ABSOLUTE
    _printf_truncate_signed                  0x00000000   Number         0  stubs.o ABSOLUTE
    _printf_truncate_unsigned                0x00000000   Number         0  stubs.o ABSOLUTE
    _printf_u                                0x00000000   Number         0  stubs.o ABSOLUTE
    _printf_wc                               0x00000000   Number         0  stubs.o ABSOLUTE
    _printf_wctomb                           0x00000000   Number         0  stubs.o ABSOLUTE
    _printf_widthprec                        0x00000000   Number         0  stubs.o ABSOLUTE
    _printf_x                                0x00000000   Number         0  stubs.o ABSOLUTE
    __arm_fini_                               - Undefined Weak Reference
    __cpp_initialize__aeabi_                  - Undefined Weak Reference
    __cxa_finalize                            - Undefined Weak Reference
    __decompress                              - Undefined Weak Reference
    _clock_init                               - Undefined Weak Reference
    _microlib_exit                            - Undefined Weak Reference
    __Vectors_Size                           0x000000ec   Number         0  startup_stm32f10x_md.o ABSOLUTE
    __Vectors                                0x08000000   Data           4  startup_stm32f10x_md.o(RESET)
    __Vectors_End                            0x080000ec   Data           0  startup_stm32f10x_md.o(RESET)
    __main                                   0x080000ed   Thumb Code     0  entry.o(.ARM.Collect$$$$00000000)
    _main_stk                                0x080000ed   Thumb Code     0  entry2.o(.ARM.Collect$$$$00000001)
    _main_scatterload                        0x080000f1   Thumb Code     0  entry5.o(.ARM.Collect$$$$00000004)
    __main_after_scatterload                 0x080000f5   Thumb Code     0  entry5.o(.ARM.Collect$$$$00000004)
    _main_clock                              0x080000f5   Thumb Code     0  entry7b.o(.ARM.Collect$$$$00000008)
    _main_cpp_init                           0x080000f5   Thumb Code     0  entry8b.o(.ARM.Collect$$$$0000000A)
    _main_init                               0x080000f5   Thumb Code     0  entry9a.o(.ARM.Collect$$$$0000000B)
    __rt_lib_shutdown_fini                   0x080000fd   Thumb Code     0  entry12b.o(.ARM.Collect$$$$0000000E)
    __rt_final_cpp                           0x08000101   Thumb Code     0  entry10a.o(.ARM.Collect$$$$0000000F)
    __rt_final_exit                          0x08000101   Thumb Code     0  entry11a.o(.ARM.Collect$$$$00000011)
    Reset_Handler                            0x08000105   Thumb Code     8  startup_stm32f10x_md.o(.text)
    ADC1_2_IRQHandler                        0x0800011f   Thumb Code     0  startup_stm32f10x_md.o(.text)
    CAN1_RX1_IRQHandler                      0x0800011f   Thumb Code     0  startup_stm32f10x_md.o(.text)
    CAN1_SCE_IRQHandler                      0x0800011f   Thumb Code     0  startup_stm32f10x_md.o(.text)
    DMA1_Channel1_IRQHandler                 0x0800011f   Thumb Code     0  startup_stm32f10x_md.o(.text)
    DMA1_Channel2_IRQHandler                 0x0800011f   Thumb Code     0  startup_stm32f10x_md.o(.text)
    DMA1_Channel3_IRQHandler                 0x0800011f   Thumb Code     0  startup_stm32f10x_md.o(.text)
    DMA1_Channel4_IRQHandler                 0x0800011f   Thumb Code     0  startup_stm32f10x_md.o(.text)
    DMA1_Channel5_IRQHandler                 0x0800011f   Thumb Code     0  startup_stm32f10x_md.o(.text)
    DMA1_Channel6_IRQHandler                 0x0800011f   Thumb Code     0  startup_stm32f10x_md.o(.text)
    DMA1_Channel7_IRQHandler                 0x0800011f   Thumb Code     0  startup_stm32f10x_md.o(.text)
    EXTI0_IRQHandler                         0x0800011f   Thumb Code     0  startup_stm32f10x_md.o(.text)
    EXTI15_10_IRQHandler                     0x0800011f   Thumb Code     0  startup_stm32f10x_md.o(.text)
    EXTI1_IRQHandler                         0x0800011f   Thumb Code     0  startup_stm32f10x_md.o(.text)
    EXTI2_IRQHandler                         0x0800011f   Thumb Code     0  startup_stm32f10x_md.o(.text)
    EXTI3_IRQHandler                         0x0800011f   Thumb Code     0  startup_stm32f10x_md.o(.text)
    EXTI4_IRQHandler                         0x0800011f   Thumb Code     0  startup_stm32f10x_md.o(.text)
    EXTI9_5_IRQHandler                       0x0800011f   Thumb Code     0  startup_stm32f10x_md.o(.text)
    FLASH_IRQHandler                         0x0800011f   Thumb Code     0  startup_stm32f10x_md.o(.text)
    I2C1_ER_IRQHandler                       0x0800011f   Thumb Code     0  startup_stm32f10x_md.o(.text)
    I2C1_EV_IRQHandler                       0x0800011f   Thumb Code     0  startup_stm32f10x_md.o(.text)
    I2C2_ER_IRQHandler                       0x0800011f   Thumb Code     0  startup_stm32f10x_md.o(.text)
    I2C2_EV_IRQHandler                       0x0800011f   Thumb Code     0  startup_stm32f10x_md.o(.text)
    PVD_IRQHandler                           0x0800011f   Thumb Code     0  startup_stm32f10x_md.o(.text)
    RCC_IRQHandler                           0x0800011f   Thumb Code     0  startup_stm32f10x_md.o(.text)
    RTCAlarm_IRQHandler                      0x0800011f   Thumb Code     0  startup_stm32f10x_md.o(.text)
    RTC_IRQHandler                           0x0800011f   Thumb Code     0  startup_stm32f10x_md.o(.text)
    SPI1_IRQHandler                          0x0800011f   Thumb Code     0  startup_stm32f10x_md.o(.text)
    SPI2_IRQHandler                          0x0800011f   Thumb Code     0  startup_stm32f10x_md.o(.text)
    TAMPER_IRQHandler                        0x0800011f   Thumb Code     0  startup_stm32f10x_md.o(.text)
    TIM1_BRK_IRQHandler                      0x0800011f   Thumb Code     0  startup_stm32f10x_md.o(.text)
    TIM1_CC_IRQHandler                       0x0800011f   Thumb Code     0  startup_stm32f10x_md.o(.text)
    TIM1_TRG_COM_IRQHandler                  0x0800011f   Thumb Code     0  startup_stm32f10x_md.o(.text)
    TIM1_UP_IRQHandler                       0x0800011f   Thumb Code     0  startup_stm32f10x_md.o(.text)
    TIM2_IRQHandler                          0x0800011f   Thumb Code     0  startup_stm32f10x_md.o(.text)
    TIM3_IRQHandler                          0x0800011f   Thumb Code     0  startup_stm32f10x_md.o(.text)
    TIM4_IRQHandler                          0x0800011f   Thumb Code     0  startup_stm32f10x_md.o(.text)
    USART2_IRQHandler                        0x0800011f   Thumb Code     0  startup_stm32f10x_md.o(.text)
    USART3_IRQHandler                        0x0800011f   Thumb Code     0  startup_stm32f10x_md.o(.text)
    USBWakeUp_IRQHandler                     0x0800011f   Thumb Code     0  startup_stm32f10x_md.o(.text)
    USB_HP_CAN1_TX_IRQHandler                0x0800011f   Thumb Code     0  startup_stm32f10x_md.o(.text)
    USB_LP_CAN1_RX0_IRQHandler               0x0800011f   Thumb Code     0  startup_stm32f10x_md.o(.text)
    WWDG_IRQHandler                          0x0800011f   Thumb Code     0  startup_stm32f10x_md.o(.text)
    strstr                                   0x08000129   Thumb Code    36  strstr.o(.text)
    strncpy                                  0x0800014d   Thumb Code    24  strncpy.o(.text)
    strchr                                   0x08000165   Thumb Code    20  strchr.o(.text)
    strcmp                                   0x08000179   Thumb Code    28  strcmp.o(.text)
    strcpy                                   0x08000195   Thumb Code    18  strcpy.o(.text)
    __aeabi_fadd                             0x080001a7   Thumb Code   164  fadd.o(.text)
    __aeabi_fsub                             0x0800024b   Thumb Code     6  fadd.o(.text)
    __aeabi_frsub                            0x08000251   Thumb Code     6  fadd.o(.text)
    __aeabi_fmul                             0x08000257   Thumb Code   100  fmul.o(.text)
    __aeabi_fdiv                             0x080002bb   Thumb Code   124  fdiv.o(.text)
    __aeabi_dadd                             0x08000337   Thumb Code   322  dadd.o(.text)
    __aeabi_dsub                             0x08000479   Thumb Code     6  dadd.o(.text)
    __aeabi_drsub                            0x0800047f   Thumb Code     6  dadd.o(.text)
    __aeabi_dmul                             0x08000485   Thumb Code   228  dmul.o(.text)
    __aeabi_ddiv                             0x08000569   Thumb Code   222  ddiv.o(.text)
    __aeabi_i2f                              0x08000647   Thumb Code    18  fflti.o(.text)
    __aeabi_ui2f                             0x08000659   Thumb Code    10  ffltui.o(.text)
    __aeabi_ui2d                             0x08000663   Thumb Code    26  dfltui.o(.text)
    __aeabi_f2iz                             0x0800067d   Thumb Code    50  ffixi.o(.text)
    __aeabi_f2uiz                            0x080006af   Thumb Code    40  ffixui.o(.text)
    __aeabi_d2uiz                            0x080006d7   Thumb Code    50  dfixui.o(.text)
    __aeabi_f2d                              0x08000709   Thumb Code    38  f2d.o(.text)
    __aeabi_cdcmpeq                          0x08000731   Thumb Code     0  cdcmple.o(.text)
    __aeabi_cdcmple                          0x08000731   Thumb Code    48  cdcmple.o(.text)
    __aeabi_cdrcmple                         0x08000761   Thumb Code    48  cdrcmple.o(.text)
    __aeabi_d2f                              0x08000791   Thumb Code    56  d2f.o(.text)
    __aeabi_cfcmpeq                          0x080007c9   Thumb Code     0  cfcmple.o(.text)
    __aeabi_cfcmple                          0x080007c9   Thumb Code    20  cfcmple.o(.text)
    __aeabi_cfrcmple                         0x080007dd   Thumb Code    20  cfrcmple.o(.text)
    __aeabi_uidiv                            0x080007f1   Thumb Code     0  uidiv.o(.text)
    __aeabi_uidivmod                         0x080007f1   Thumb Code    44  uidiv.o(.text)
    __aeabi_uldivmod                         0x0800081d   Thumb Code    98  uldiv.o(.text)
    __aeabi_llsl                             0x0800087f   Thumb Code    30  llshl.o(.text)
    _ll_shift_l                              0x0800087f   Thumb Code     0  llshl.o(.text)
    __aeabi_llsr                             0x0800089d   Thumb Code    32  llushr.o(.text)
    _ll_ushift_r                             0x0800089d   Thumb Code     0  llushr.o(.text)
    __aeabi_lasr                             0x080008bd   Thumb Code    36  llsshr.o(.text)
    _ll_sshift_r                             0x080008bd   Thumb Code     0  llsshr.o(.text)
    __I$use$fp                               0x080008e1   Thumb Code     0  iusefp.o(.text)
    _float_round                             0x080008e1   Thumb Code    18  fepilogue.o(.text)
    _float_epilogue                          0x080008f3   Thumb Code    92  fepilogue.o(.text)
    __ARM_scalbnf                            0x0800094f   Thumb Code    24  fscalb.o(.text)
    scalbnf                                  0x0800094f   Thumb Code     0  fscalb.o(.text)
    _double_round                            0x08000967   Thumb Code    30  depilogue.o(.text)
    _double_epilogue                         0x08000985   Thumb Code   156  depilogue.o(.text)
    _drnd                                    0x08000a21   Thumb Code   132  drnd.o(.text)
    __aeabi_d2ulz                            0x08000aa9   Thumb Code    48  dfixul.o(.text)
    _ffix_r                                  0x08000ad9   Thumb Code    76  ffixir.o(.text)
    __fp_status                              0x08000b25   Thumb Code     4  fpstat.o(.text)
    __ieee_status                            0x08000b25   Thumb Code     0  fpstat.o(.text)
    __scatterload                            0x08000b29   Thumb Code    28  init.o(.text)
    __scatterload_rt2                        0x08000b29   Thumb Code     0  init.o(.text)
    ADC_Cmd                                  0x08000b4d   Thumb Code    22  stm32f10x_adc.o(i.ADC_Cmd)
    ADC_GetCalibrationStatus                 0x08000b63   Thumb Code    20  stm32f10x_adc.o(i.ADC_GetCalibrationStatus)
    ADC_GetConversionValue                   0x08000b77   Thumb Code     8  stm32f10x_adc.o(i.ADC_GetConversionValue)
    ADC_GetFlagStatus                        0x08000b7f   Thumb Code    18  stm32f10x_adc.o(i.ADC_GetFlagStatus)
    ADC_GetResetCalibrationStatus            0x08000b91   Thumb Code    20  stm32f10x_adc.o(i.ADC_GetResetCalibrationStatus)
    ADC_Init                                 0x08000ba5   Thumb Code    70  stm32f10x_adc.o(i.ADC_Init)
    ADC_RegularChannelConfig                 0x08000bf5   Thumb Code   184  stm32f10x_adc.o(i.ADC_RegularChannelConfig)
    ADC_ResetCalibration                     0x08000cad   Thumb Code    10  stm32f10x_adc.o(i.ADC_ResetCalibration)
    ADC_SoftwareStartConvCmd                 0x08000cb7   Thumb Code    22  stm32f10x_adc.o(i.ADC_SoftwareStartConvCmd)
    ADC_StartCalibration                     0x08000ccd   Thumb Code    10  stm32f10x_adc.o(i.ADC_StartCalibration)
    BtSerial_Init                            0x08000d1d   Thumb Code   172  btserial.o(i.BtSerial_Init)
    BtSerial_ReadLine                        0x08000e09   Thumb Code    94  btserial.o(i.BtSerial_ReadLine)
    BtSerial_SendByte                        0x08000e69   Thumb Code    28  btserial.o(i.BtSerial_SendByte)
    BtSerial_SendString                      0x08000e89   Thumb Code    26  btserial.o(i.BtSerial_SendString)
    BusFault_Handler                         0x08000ea3   Thumb Code     4  stm32f10x_it.o(i.BusFault_Handler)
    Buzzer_Init                              0x08000ea9   Thumb Code    44  buzzer.o(i.Buzzer_Init)
    Buzzer_OFF                               0x08000ed9   Thumb Code    12  buzzer.o(i.Buzzer_OFF)
    Buzzer_ON                                0x08000ee9   Thumb Code    12  buzzer.o(i.Buzzer_ON)
    DebugMon_Handler                         0x08000ef9   Thumb Code     2  stm32f10x_it.o(i.DebugMon_Handler)
    Delay_ms                                 0x08000efb   Thumb Code    26  delay.o(i.Delay_ms)
    Delay_us                                 0x08000f15   Thumb Code    34  delay.o(i.Delay_us)
    ESP8266_ConnectWIFI                      0x08000f39   Thumb Code    60  esp8266.o(i.ESP8266_ConnectWIFI)
    ESP8266_DisableEcho                      0x08000fa9   Thumb Code    16  esp8266.o(i.ESP8266_DisableEcho)
    ESP8266_SendCmdOK                        0x08000fc5   Thumb Code    18  esp8266.o(i.ESP8266_SendCmdOK)
    ESP8266_SendWait                         0x08000fdd   Thumb Code    92  esp8266.o(i.ESP8266_SendWait)
    GPIO_Init                                0x0800104d   Thumb Code   278  stm32f10x_gpio.o(i.GPIO_Init)
    GPIO_ReadInputDataBit                    0x08001163   Thumb Code    18  stm32f10x_gpio.o(i.GPIO_ReadInputDataBit)
    GPIO_ResetBits                           0x08001175   Thumb Code     4  stm32f10x_gpio.o(i.GPIO_ResetBits)
    GPIO_SetBits                             0x08001179   Thumb Code     4  stm32f10x_gpio.o(i.GPIO_SetBits)
    GPIO_WriteBit                            0x0800117d   Thumb Code    10  stm32f10x_gpio.o(i.GPIO_WriteBit)
    HardFault_Handler                        0x08001187   Thumb Code     4  stm32f10x_it.o(i.HardFault_Handler)
    Key_Back                                 0x0800118d   Thumb Code    74  key.o(i.Key_Back)
    Key_Down                                 0x080011e1   Thumb Code    74  key.o(i.Key_Down)
    Key_GetNum                               0x08001235   Thumb Code    46  key.o(i.Key_GetNum)
    Key_Init                                 0x08001265   Thumb Code    40  key.o(i.Key_Init)
    Key_OK                                   0x08001291   Thumb Code    74  key.o(i.Key_OK)
    Key_Up                                   0x080012e5   Thumb Code    74  key.o(i.Key_Up)
    LED1_OFF                                 0x08001339   Thumb Code    12  led.o(i.LED1_OFF)
    LED1_ON                                  0x08001349   Thumb Code    12  led.o(i.LED1_ON)
    LED_Init                                 0x08001359   Thumb Code    46  led.o(i.LED_Init)
    MQ2_AD_Read                              0x0800138d   Thumb Code    32  mq2.o(i.MQ2_AD_Read)
    MQ2_GetData                              0x080013b1   Thumb Code    40  mq2.o(i.MQ2_GetData)
    MQ2_GetPPM                               0x080013d9   Thumb Code   158  mq2.o(i.MQ2_GetPPM)
    MQ2_Init                                 0x08001491   Thumb Code   150  mq2.o(i.MQ2_Init)
    MQTT_Init                                0x08001531   Thumb Code   770  mqtt.o(i.MQTT_Init)
    MQTT_Publish                             0x08001a95   Thumb Code   236  main.o(i.MQTT_Publish)
    MQTT_PublishSensorData                   0x08001bb1   Thumb Code    72  mqtt.o(i.MQTT_PublishSensorData)
    MQTT_PublishStatusDataBuzzer             0x08001c51   Thumb Code    58  mqtt.o(i.MQTT_PublishStatusDataBuzzer)
    MQTT_PublishStatusDataFan                0x08001cf5   Thumb Code    58  mqtt.o(i.MQTT_PublishStatusDataFan)
    MQTT_PublishStatusDataLed                0x08001d99   Thumb Code    58  mqtt.o(i.MQTT_PublishStatusDataLed)
    MQTT_PublishStatusDataStation            0x08001e3d   Thumb Code    58  mqtt.o(i.MQTT_PublishStatusDataStation)
    MQTT_Station                             0x08001ee1   Thumb Code   152  main.o(i.MQTT_Station)
    MQTT_Tast                                0x08001fed   Thumb Code   164  main.o(i.MQTT_Tast)
    MemManage_Handler                        0x080020a9   Thumb Code     4  stm32f10x_it.o(i.MemManage_Handler)
    MenuEnter                                0x080020ad   Thumb Code   476  menu.o(i.MenuEnter)
    Menu_KeyScan                             0x080022e1   Thumb Code   110  menu.o(i.Menu_KeyScan)
    NMI_Handler                              0x0800235d   Thumb Code     2  stm32f10x_it.o(i.NMI_Handler)
    NVIC_Init                                0x08002361   Thumb Code   100  misc.o(i.NVIC_Init)
    NVIC_PriorityGroupConfig                 0x080023d1   Thumb Code    10  misc.o(i.NVIC_PriorityGroupConfig)
    OLED_Clear                               0x080023e5   Thumb Code    36  oled.o(i.OLED_Clear)
    OLED_ClearArea                           0x0800240d   Thumb Code   140  oled.o(i.OLED_ClearArea)
    OLED_GPIO_Init                           0x0800249d   Thumb Code    92  oled.o(i.OLED_GPIO_Init)
    OLED_I2C_SendByte                        0x080024fd   Thumb Code    62  oled.o(i.OLED_I2C_SendByte)
    OLED_I2C_Start                           0x0800253b   Thumb Code    28  oled.o(i.OLED_I2C_Start)
    OLED_I2C_Stop                            0x08002557   Thumb Code    22  oled.o(i.OLED_I2C_Stop)
    OLED_Init                                0x0800256d   Thumb Code   154  oled.o(i.OLED_Init)
    OLED_Pow                                 0x08002607   Thumb Code    20  oled.o(i.OLED_Pow)
    OLED_SetCursor                           0x0800261b   Thumb Code    34  oled.o(i.OLED_SetCursor)
    OLED_ShowChar                            0x0800263d   Thumb Code    74  oled.o(i.OLED_ShowChar)
    OLED_ShowFloatNum                        0x08002691   Thumb Code   210  oled.o(i.OLED_ShowFloatNum)
    OLED_ShowImage                           0x08002765   Thumb Code   248  oled.o(i.OLED_ShowImage)
    OLED_ShowNum                             0x08002861   Thumb Code    76  oled.o(i.OLED_ShowNum)
    OLED_ShowSignedNum                       0x080028ad   Thumb Code   112  oled.o(i.OLED_ShowSignedNum)
    OLED_ShowString                          0x0800291d   Thumb Code   262  oled.o(i.OLED_ShowString)
    OLED_Update                              0x08002a2d   Thumb Code    36  oled.o(i.OLED_Update)
    OLED_W_SCL                               0x08002a55   Thumb Code    18  oled.o(i.OLED_W_SCL)
    OLED_W_SDA                               0x08002a6d   Thumb Code    18  oled.o(i.OLED_W_SDA)
    OLED_WriteCommand                        0x08002a85   Thumb Code    32  oled.o(i.OLED_WriteCommand)
    OLED_WriteData                           0x08002aa5   Thumb Code    46  oled.o(i.OLED_WriteData)
    PWM_Init                                 0x08002ad5   Thumb Code   172  pwm.o(i.PWM_Init)
    PWM_SetCompare3                          0x08002b8d   Thumb Code    14  pwm.o(i.PWM_SetCompare3)
    PWM_SetSpeed                             0x08002ba1   Thumb Code    58  pwm.o(i.PWM_SetSpeed)
    PendSV_Handler                           0x08002be1   Thumb Code     2  stm32f10x_it.o(i.PendSV_Handler)
    ProcessMQTTMessage                       0x08002be5   Thumb Code   456  mqtt.o(i.ProcessMQTTMessage)
    Queue_Pop                                0x08002ee9   Thumb Code    62  queue.o(i.Queue_Pop)
    Queue_Push                               0x08002f35   Thumb Code    60  queue.o(i.Queue_Push)
    RCC_ADCCLKConfig                         0x08002f7d   Thumb Code    18  stm32f10x_rcc.o(i.RCC_ADCCLKConfig)
    RCC_APB1PeriphClockCmd                   0x08002f95   Thumb Code    26  stm32f10x_rcc.o(i.RCC_APB1PeriphClockCmd)
    RCC_APB2PeriphClockCmd                   0x08002fb5   Thumb Code    26  stm32f10x_rcc.o(i.RCC_APB2PeriphClockCmd)
    RCC_GetClocksFreq                        0x08002fd5   Thumb Code   192  stm32f10x_rcc.o(i.RCC_GetClocksFreq)
    SHT30_CRC8                               0x080030a9   Thumb Code    58  sht30.o(i.SHT30_CRC8)
    SHT30_GetData                            0x080030e5   Thumb Code    42  main.o(i.SHT30_GetData)
    SHT30_Init                               0x0800311d   Thumb Code    52  sht30.o(i.SHT30_Init)
    SHT30_Measure                            0x08003155   Thumb Code   174  sht30.o(i.SHT30_Measure)
    SHT30_R_SDA                              0x08003215   Thumb Code    18  sht30.o(i.SHT30_R_SDA)
    SHT30_ReceiveAck                         0x0800322d   Thumb Code    54  sht30.o(i.SHT30_ReceiveAck)
    SHT30_ReceiveByte                        0x08003263   Thumb Code    50  sht30.o(i.SHT30_ReceiveByte)
    SHT30_ReceiveData                        0x08003295   Thumb Code    60  sht30.o(i.SHT30_ReceiveData)
    SHT30_SendAck                            0x080032d1   Thumb Code    24  sht30.o(i.SHT30_SendAck)
    SHT30_SendByte                           0x080032e9   Thumb Code    58  sht30.o(i.SHT30_SendByte)
    SHT30_SendCommand                        0x08003323   Thumb Code    42  sht30.o(i.SHT30_SendCommand)
    SHT30_Start                              0x0800334d   Thumb Code    46  sht30.o(i.SHT30_Start)
    SHT30_Stop                               0x0800337b   Thumb Code    40  sht30.o(i.SHT30_Stop)
    SHT30_W_SCL                              0x080033a5   Thumb Code    18  sht30.o(i.SHT30_W_SCL)
    SHT30_W_SDA                              0x080033bd   Thumb Code    18  sht30.o(i.SHT30_W_SDA)
    SVC_Handler                              0x080033d5   Thumb Code     2  stm32f10x_it.o(i.SVC_Handler)
    ShowMenu                                 0x080034c1   Thumb Code   132  menu.o(i.ShowMenu)
    SysTick_Handler                          0x08003599   Thumb Code    12  main.o(i.SysTick_Handler)
    SysTick_Init                             0x080035a9   Thumb Code    84  main.o(i.SysTick_Init)
    SystemInit                               0x08003609   Thumb Code    78  system_stm32f10x.o(i.SystemInit)
    TIM2_DelayInit                           0x08003669   Thumb Code    70  delay.o(i.TIM2_DelayInit)
    TIM_Cmd                                  0x080036af   Thumb Code    24  stm32f10x_tim.o(i.TIM_Cmd)
    TIM_GetCounter                           0x080036c7   Thumb Code     6  stm32f10x_tim.o(i.TIM_GetCounter)
    TIM_ITConfig                             0x080036cd   Thumb Code    18  stm32f10x_tim.o(i.TIM_ITConfig)
    TIM_InternalClockConfig                  0x080036df   Thumb Code    12  stm32f10x_tim.o(i.TIM_InternalClockConfig)
    TIM_OC3Init                              0x080036ed   Thumb Code   150  stm32f10x_tim.o(i.TIM_OC3Init)
    TIM_OCStructInit                         0x0800378d   Thumb Code    20  stm32f10x_tim.o(i.TIM_OCStructInit)
    TIM_SetCompare3                          0x080037a1   Thumb Code     4  stm32f10x_tim.o(i.TIM_SetCompare3)
    TIM_TimeBaseInit                         0x080037a5   Thumb Code   122  stm32f10x_tim.o(i.TIM_TimeBaseInit)
    Temp_Menu                                0x08003849   Thumb Code   684  menu.o(i.Temp_Menu)
    USART1_IRQHandler                        0x08003b3d   Thumb Code   146  btserial.o(i.USART1_IRQHandler)
    USART_ClearITPendingBit                  0x08003be5   Thumb Code    30  stm32f10x_usart.o(i.USART_ClearITPendingBit)
    USART_Cmd                                0x08003c03   Thumb Code    24  stm32f10x_usart.o(i.USART_Cmd)
    USART_GetFlagStatus                      0x08003c1b   Thumb Code    26  stm32f10x_usart.o(i.USART_GetFlagStatus)
    USART_GetITStatus                        0x08003c35   Thumb Code    84  stm32f10x_usart.o(i.USART_GetITStatus)
    USART_ITConfig                           0x08003c89   Thumb Code    74  stm32f10x_usart.o(i.USART_ITConfig)
    USART_Init                               0x08003cd5   Thumb Code   210  stm32f10x_usart.o(i.USART_Init)
    USART_ReceiveData                        0x08003dad   Thumb Code    10  stm32f10x_usart.o(i.USART_ReceiveData)
    USART_SendData                           0x08003db7   Thumb Code     8  stm32f10x_usart.o(i.USART_SendData)
    UsageFault_Handler                       0x08003dbf   Thumb Code     4  stm32f10x_it.o(i.UsageFault_Handler)
    WaitFor                                  0x08003dc3   Thumb Code    60  mqtt.o(i.WaitFor)
    __0sprintf                               0x08003e01   Thumb Code    34  printfa.o(i.__0sprintf)
    __1sprintf                               0x08003e01   Thumb Code     0  printfa.o(i.__0sprintf)
    __2sprintf                               0x08003e01   Thumb Code     0  printfa.o(i.__0sprintf)
    __c89sprintf                             0x08003e01   Thumb Code     0  printfa.o(i.__0sprintf)
    sprintf                                  0x08003e01   Thumb Code     0  printfa.o(i.__0sprintf)
    __ARM_fpclassifyf                        0x08003e29   Thumb Code    38  fpclassifyf.o(i.__ARM_fpclassifyf)
    __mathlib_flt_divzero                    0x08003e4f   Thumb Code    10  funder.o(i.__mathlib_flt_divzero)
    __mathlib_flt_infnan2                    0x08003e59   Thumb Code     4  funder.o(i.__mathlib_flt_infnan2)
    __mathlib_flt_invalid                    0x08003e5d   Thumb Code     8  funder.o(i.__mathlib_flt_invalid)
    __mathlib_flt_overflow                   0x08003e65   Thumb Code    10  funder.o(i.__mathlib_flt_overflow)
    __mathlib_flt_underflow                  0x08003e6f   Thumb Code    10  funder.o(i.__mathlib_flt_underflow)
    __scatterload_copy                       0x08003e79   Thumb Code    14  handlers.o(i.__scatterload_copy)
    __scatterload_null                       0x08003e87   Thumb Code     2  handlers.o(i.__scatterload_null)
    __scatterload_zeroinit                   0x08003e89   Thumb Code    14  handlers.o(i.__scatterload_zeroinit)
    __set_errno                              0x08003e99   Thumb Code     6  errno.o(i.__set_errno)
    main                                     0x08004739   Thumb Code   444  main.o(i.main)
    millis                                   0x08004935   Thumb Code     6  main.o(i.millis)
    __mathlib_powf                           0x08004941   Thumb Code     0  powf.o(i.powf)
    powf                                     0x08004941   Thumb Code  1548  powf.o(i.powf)
    round                                    0x08004f61   Thumb Code   136  round.o(i.round)
    OLED_F8x16                               0x08005004   Data        1520  oled_data.o(.constdata)
    OLED_F6x8                                0x080055f4   Data         570  oled_data.o(.constdata)
    OLED_CF16x16                             0x0800582e   Data         245  oled_data.o(.constdata)
    Diode                                    0x08005923   Data          32  oled_data.o(.constdata)
    Region$$Table$$Base                      0x08005d04   Number         0  anon$$obj.o(Region$$Table)
    Region$$Table$$Limit                     0x08005d24   Number         0  anon$$obj.o(Region$$Table)
    SystemCoreClock                          0x20000000   Data           4  system_stm32f10x.o(.data)
    AHBPrescTable                            0x20000004   Data          16  system_stm32f10x.o(.data)
    Serial_RxFalg                            0x20000030   Data           1  btserial.o(.data)
    Menu_Mode                                0x20000035   Data           1  menu.o(.data)
    Menu_Select                              0x20000036   Data           1  menu.o(.data)
    Current_Page                             0x20000037   Data           1  menu.o(.data)
    SHT30                                    0x2000003c   Data           1  main.o(.data)
    Keynum                                   0x2000003d   Data           1  main.o(.data)
    led_last                                 0x2000003e   Data           1  main.o(.data)
    led1_state                               0x2000003f   Data           1  main.o(.data)
    fan_last                                 0x20000040   Data           1  main.o(.data)
    fan_state                                0x20000041   Data           1  main.o(.data)
    buzzer_last                              0x20000042   Data           1  main.o(.data)
    buzzer_state                             0x20000043   Data           1  main.o(.data)
    station_last                             0x20000044   Data           1  main.o(.data)
    station_state                            0x20000045   Data           1  main.o(.data)
    smoke                                    0x20000048   Data           4  main.o(.data)
    temp                                     0x2000004c   Data           1  main.o(.data)
    humi                                     0x2000004d   Data           1  main.o(.data)
    T_temp                                   0x2000004e   Data           1  main.o(.data)
    T_humi                                   0x2000004f   Data           1  main.o(.data)
    T_rate                                   0x20000050   Data           2  main.o(.data)
    esp_wifi                                 0x20000054   Data           4  main.o(.data)
    esp_busy                                 0x20000058   Data           4  main.o(.data)
    esp_mqtt                                 0x2000005c   Data           4  main.o(.data)
    mqtt_msg_flag                            0x20000060   Data           4  main.o(.data)
    sys_tick                                 0x20000064   Data           4  main.o(.data)
    Serial_RxPacket                          0x20000174   Data         100  btserial.o(.bss)
    OLED_DisplayBuf                          0x200009d8   Data        1024  oled.o(.bss)
    line                                     0x20000dd8   Data         256  main.o(.bss)
    copy                                     0x20000ed8   Data         256  main.o(.bss)
    __initial_sp                             0x200013d8   Data           0  startup_stm32f10x_md.o(STACK)



==============================================================================

Memory Map of the image

  Image Entry point : 0x080000ed

  Load Region LR_IROM1 (Base: 0x08000000, Size: 0x00005d98, Max: 0x00010000, ABSOLUTE)

    Execution Region ER_IROM1 (Exec base: 0x08000000, Load base: 0x08000000, Size: 0x00005d24, Max: 0x00010000, ABSOLUTE)

    Exec Addr    Load Addr    Size         Type   Attr      Idx    E Section Name        Object

    0x08000000   0x08000000   0x000000ec   Data   RO           19    RESET               startup_stm32f10x_md.o
    0x080000ec   0x080000ec   0x00000000   Code   RO         4226  * .ARM.Collect$$$$00000000  mc_w.l(entry.o)
    0x080000ec   0x080000ec   0x00000004   Code   RO         4581    .ARM.Collect$$$$00000001  mc_w.l(entry2.o)
    0x080000f0   0x080000f0   0x00000004   Code   RO         4584    .ARM.Collect$$$$00000004  mc_w.l(entry5.o)
    0x080000f4   0x080000f4   0x00000000   Code   RO         4586    .ARM.Collect$$$$00000008  mc_w.l(entry7b.o)
    0x080000f4   0x080000f4   0x00000000   Code   RO         4588    .ARM.Collect$$$$0000000A  mc_w.l(entry8b.o)
    0x080000f4   0x080000f4   0x00000008   Code   RO         4589    .ARM.Collect$$$$0000000B  mc_w.l(entry9a.o)
    0x080000fc   0x080000fc   0x00000004   Code   RO         4596    .ARM.Collect$$$$0000000E  mc_w.l(entry12b.o)
    0x08000100   0x08000100   0x00000000   Code   RO         4591    .ARM.Collect$$$$0000000F  mc_w.l(entry10a.o)
    0x08000100   0x08000100   0x00000000   Code   RO         4593    .ARM.Collect$$$$00000011  mc_w.l(entry11a.o)
    0x08000100   0x08000100   0x00000004   Code   RO         4582    .ARM.Collect$$$$00002712  mc_w.l(entry2.o)
    0x08000104   0x08000104   0x00000024   Code   RO           20    .text               startup_stm32f10x_md.o
    0x08000128   0x08000128   0x00000024   Code   RO         4229    .text               mc_w.l(strstr.o)
    0x0800014c   0x0800014c   0x00000018   Code   RO         4231    .text               mc_w.l(strncpy.o)
    0x08000164   0x08000164   0x00000014   Code   RO         4233    .text               mc_w.l(strchr.o)
    0x08000178   0x08000178   0x0000001c   Code   RO         4235    .text               mc_w.l(strcmp.o)
    0x08000194   0x08000194   0x00000012   Code   RO         4237    .text               mc_w.l(strcpy.o)
    0x080001a6   0x080001a6   0x000000b0   Code   RO         4500    .text               mf_w.l(fadd.o)
    0x08000256   0x08000256   0x00000064   Code   RO         4502    .text               mf_w.l(fmul.o)
    0x080002ba   0x080002ba   0x0000007c   Code   RO         4504    .text               mf_w.l(fdiv.o)
    0x08000336   0x08000336   0x0000014e   Code   RO         4506    .text               mf_w.l(dadd.o)
    0x08000484   0x08000484   0x000000e4   Code   RO         4508    .text               mf_w.l(dmul.o)
    0x08000568   0x08000568   0x000000de   Code   RO         4510    .text               mf_w.l(ddiv.o)
    0x08000646   0x08000646   0x00000012   Code   RO         4512    .text               mf_w.l(fflti.o)
    0x08000658   0x08000658   0x0000000a   Code   RO         4514    .text               mf_w.l(ffltui.o)
    0x08000662   0x08000662   0x0000001a   Code   RO         4518    .text               mf_w.l(dfltui.o)
    0x0800067c   0x0800067c   0x00000032   Code   RO         4520    .text               mf_w.l(ffixi.o)
    0x080006ae   0x080006ae   0x00000028   Code   RO         4522    .text               mf_w.l(ffixui.o)
    0x080006d6   0x080006d6   0x00000032   Code   RO         4526    .text               mf_w.l(dfixui.o)
    0x08000708   0x08000708   0x00000026   Code   RO         4528    .text               mf_w.l(f2d.o)
    0x0800072e   0x0800072e   0x00000002   PAD
    0x08000730   0x08000730   0x00000030   Code   RO         4530    .text               mf_w.l(cdcmple.o)
    0x08000760   0x08000760   0x00000030   Code   RO         4532    .text               mf_w.l(cdrcmple.o)
    0x08000790   0x08000790   0x00000038   Code   RO         4534    .text               mf_w.l(d2f.o)
    0x080007c8   0x080007c8   0x00000014   Code   RO         4536    .text               mf_w.l(cfcmple.o)
    0x080007dc   0x080007dc   0x00000014   Code   RO         4538    .text               mf_w.l(cfrcmple.o)
    0x080007f0   0x080007f0   0x0000002c   Code   RO         4598    .text               mc_w.l(uidiv.o)
    0x0800081c   0x0800081c   0x00000062   Code   RO         4600    .text               mc_w.l(uldiv.o)
    0x0800087e   0x0800087e   0x0000001e   Code   RO         4602    .text               mc_w.l(llshl.o)
    0x0800089c   0x0800089c   0x00000020   Code   RO         4604    .text               mc_w.l(llushr.o)
    0x080008bc   0x080008bc   0x00000024   Code   RO         4606    .text               mc_w.l(llsshr.o)
    0x080008e0   0x080008e0   0x00000000   Code   RO         4615    .text               mc_w.l(iusefp.o)
    0x080008e0   0x080008e0   0x0000006e   Code   RO         4616    .text               mf_w.l(fepilogue.o)
    0x0800094e   0x0800094e   0x00000018   Code   RO         4618    .text               mf_w.l(fscalb.o)
    0x08000966   0x08000966   0x000000ba   Code   RO         4620    .text               mf_w.l(depilogue.o)
    0x08000a20   0x08000a20   0x00000088   Code   RO         4622    .text               mf_w.l(drnd.o)
    0x08000aa8   0x08000aa8   0x00000030   Code   RO         4624    .text               mf_w.l(dfixul.o)
    0x08000ad8   0x08000ad8   0x0000004c   Code   RO         4626    .text               mf_w.l(ffixir.o)
    0x08000b24   0x08000b24   0x00000004   Code   RO         4628    .text               mf_w.l(fpstat.o)
    0x08000b28   0x08000b28   0x00000024   Code   RO         4634    .text               mc_w.l(init.o)
    0x08000b4c   0x08000b4c   0x00000016   Code   RO          202    i.ADC_Cmd           stm32f10x_adc.o
    0x08000b62   0x08000b62   0x00000014   Code   RO          210    i.ADC_GetCalibrationStatus  stm32f10x_adc.o
    0x08000b76   0x08000b76   0x00000008   Code   RO          211    i.ADC_GetConversionValue  stm32f10x_adc.o
    0x08000b7e   0x08000b7e   0x00000012   Code   RO          213    i.ADC_GetFlagStatus  stm32f10x_adc.o
    0x08000b90   0x08000b90   0x00000014   Code   RO          216    i.ADC_GetResetCalibrationStatus  stm32f10x_adc.o
    0x08000ba4   0x08000ba4   0x00000050   Code   RO          220    i.ADC_Init          stm32f10x_adc.o
    0x08000bf4   0x08000bf4   0x000000b8   Code   RO          224    i.ADC_RegularChannelConfig  stm32f10x_adc.o
    0x08000cac   0x08000cac   0x0000000a   Code   RO          225    i.ADC_ResetCalibration  stm32f10x_adc.o
    0x08000cb6   0x08000cb6   0x00000016   Code   RO          227    i.ADC_SoftwareStartConvCmd  stm32f10x_adc.o
    0x08000ccc   0x08000ccc   0x0000000a   Code   RO          229    i.ADC_StartCalibration  stm32f10x_adc.o
    0x08000cd6   0x08000cd6   0x00000002   PAD
    0x08000cd8   0x08000cd8   0x00000044   Code   RO         3424    i.BtSerial_GetChar  btserial.o
    0x08000d1c   0x08000d1c   0x000000b4   Code   RO         3425    i.BtSerial_Init     btserial.o
    0x08000dd0   0x08000dd0   0x00000038   Code   RO         3426    i.BtSerial_PutChar  btserial.o
    0x08000e08   0x08000e08   0x0000005e   Code   RO         3427    i.BtSerial_ReadLine  btserial.o
    0x08000e66   0x08000e66   0x00000002   PAD
    0x08000e68   0x08000e68   0x00000020   Code   RO         3429    i.BtSerial_SendByte  btserial.o
    0x08000e88   0x08000e88   0x0000001a   Code   RO         3430    i.BtSerial_SendString  btserial.o
    0x08000ea2   0x08000ea2   0x00000004   Code   RO         4149    i.BusFault_Handler  stm32f10x_it.o
    0x08000ea6   0x08000ea6   0x00000002   PAD
    0x08000ea8   0x08000ea8   0x00000030   Code   RO         4024    i.Buzzer_Init       buzzer.o
    0x08000ed8   0x08000ed8   0x00000010   Code   RO         4025    i.Buzzer_OFF        buzzer.o
    0x08000ee8   0x08000ee8   0x00000010   Code   RO         4026    i.Buzzer_ON         buzzer.o
    0x08000ef8   0x08000ef8   0x00000002   Code   RO         4150    i.DebugMon_Handler  stm32f10x_it.o
    0x08000efa   0x08000efa   0x0000001a   Code   RO         3196    i.Delay_ms          delay.o
    0x08000f14   0x08000f14   0x00000022   Code   RO         3198    i.Delay_us          delay.o
    0x08000f36   0x08000f36   0x00000002   PAD
    0x08000f38   0x08000f38   0x00000070   Code   RO         3506    i.ESP8266_ConnectWIFI  esp8266.o
    0x08000fa8   0x08000fa8   0x0000001c   Code   RO         3507    i.ESP8266_DisableEcho  esp8266.o
    0x08000fc4   0x08000fc4   0x00000018   Code   RO         3509    i.ESP8266_SendCmdOK  esp8266.o
    0x08000fdc   0x08000fdc   0x00000070   Code   RO         3512    i.ESP8266_SendWait  esp8266.o
    0x0800104c   0x0800104c   0x00000116   Code   RO         1347    i.GPIO_Init         stm32f10x_gpio.o
    0x08001162   0x08001162   0x00000012   Code   RO         1351    i.GPIO_ReadInputDataBit  stm32f10x_gpio.o
    0x08001174   0x08001174   0x00000004   Code   RO         1354    i.GPIO_ResetBits    stm32f10x_gpio.o
    0x08001178   0x08001178   0x00000004   Code   RO         1355    i.GPIO_SetBits      stm32f10x_gpio.o
    0x0800117c   0x0800117c   0x0000000a   Code   RO         1358    i.GPIO_WriteBit     stm32f10x_gpio.o
    0x08001186   0x08001186   0x00000004   Code   RO         4151    i.HardFault_Handler  stm32f10x_it.o
    0x0800118a   0x0800118a   0x00000002   PAD
    0x0800118c   0x0800118c   0x00000054   Code   RO         3274    i.Key_Back          key.o
    0x080011e0   0x080011e0   0x00000054   Code   RO         3275    i.Key_Down          key.o
    0x08001234   0x08001234   0x0000002e   Code   RO         3276    i.Key_GetNum        key.o
    0x08001262   0x08001262   0x00000002   PAD
    0x08001264   0x08001264   0x0000002c   Code   RO         3277    i.Key_Init          key.o
    0x08001290   0x08001290   0x00000054   Code   RO         3278    i.Key_OK            key.o
    0x080012e4   0x080012e4   0x00000054   Code   RO         3279    i.Key_Up            key.o
    0x08001338   0x08001338   0x00000010   Code   RO         3226    i.LED1_OFF          led.o
    0x08001348   0x08001348   0x00000010   Code   RO         3227    i.LED1_ON           led.o
    0x08001358   0x08001358   0x00000034   Code   RO         3232    i.LED_Init          led.o
    0x0800138c   0x0800138c   0x00000024   Code   RO         3680    i.MQ2_AD_Read       mq2.o
    0x080013b0   0x080013b0   0x00000028   Code   RO         3681    i.MQ2_GetData       mq2.o
    0x080013d8   0x080013d8   0x000000b8   Code   RO         3682    i.MQ2_GetPPM        mq2.o
    0x08001490   0x08001490   0x000000a0   Code   RO         3683    i.MQ2_Init          mq2.o
    0x08001530   0x08001530   0x00000564   Code   RO         3584    i.MQTT_Init         mqtt.o
    0x08001a94   0x08001a94   0x0000011c   Code   RO         4048    i.MQTT_Publish      main.o
    0x08001bb0   0x08001bb0   0x000000a0   Code   RO         3585    i.MQTT_PublishSensorData  mqtt.o
    0x08001c50   0x08001c50   0x000000a4   Code   RO         3587    i.MQTT_PublishStatusDataBuzzer  mqtt.o
    0x08001cf4   0x08001cf4   0x000000a4   Code   RO         3588    i.MQTT_PublishStatusDataFan  mqtt.o
    0x08001d98   0x08001d98   0x000000a4   Code   RO         3589    i.MQTT_PublishStatusDataLed  mqtt.o
    0x08001e3c   0x08001e3c   0x000000a4   Code   RO         3590    i.MQTT_PublishStatusDataStation  mqtt.o
    0x08001ee0   0x08001ee0   0x0000010c   Code   RO         4049    i.MQTT_Station      main.o
    0x08001fec   0x08001fec   0x000000bc   Code   RO         4050    i.MQTT_Tast         main.o
    0x080020a8   0x080020a8   0x00000004   Code   RO         4152    i.MemManage_Handler  stm32f10x_it.o
    0x080020ac   0x080020ac   0x00000234   Code   RO         3717    i.MenuEnter         menu.o
    0x080022e0   0x080022e0   0x0000007c   Code   RO         3718    i.Menu_KeyScan      menu.o
    0x0800235c   0x0800235c   0x00000002   Code   RO         4153    i.NMI_Handler       stm32f10x_it.o
    0x0800235e   0x0800235e   0x00000002   PAD
    0x08002360   0x08002360   0x00000070   Code   RO          137    i.NVIC_Init         misc.o
    0x080023d0   0x080023d0   0x00000014   Code   RO          138    i.NVIC_PriorityGroupConfig  misc.o
    0x080023e4   0x080023e4   0x00000028   Code   RO         3756    i.OLED_Clear        oled.o
    0x0800240c   0x0800240c   0x00000090   Code   RO         3757    i.OLED_ClearArea    oled.o
    0x0800249c   0x0800249c   0x00000060   Code   RO         3765    i.OLED_GPIO_Init    oled.o
    0x080024fc   0x080024fc   0x0000003e   Code   RO         3767    i.OLED_I2C_SendByte  oled.o
    0x0800253a   0x0800253a   0x0000001c   Code   RO         3768    i.OLED_I2C_Start    oled.o
    0x08002556   0x08002556   0x00000016   Code   RO         3769    i.OLED_I2C_Stop     oled.o
    0x0800256c   0x0800256c   0x0000009a   Code   RO         3770    i.OLED_Init         oled.o
    0x08002606   0x08002606   0x00000014   Code   RO         3772    i.OLED_Pow          oled.o
    0x0800261a   0x0800261a   0x00000022   Code   RO         3776    i.OLED_SetCursor    oled.o
    0x0800263c   0x0800263c   0x00000054   Code   RO         3778    i.OLED_ShowChar     oled.o
    0x08002690   0x08002690   0x000000d2   Code   RO         3779    i.OLED_ShowFloatNum  oled.o
    0x08002762   0x08002762   0x00000002   PAD
    0x08002764   0x08002764   0x000000fc   Code   RO         3781    i.OLED_ShowImage    oled.o
    0x08002860   0x08002860   0x0000004c   Code   RO         3782    i.OLED_ShowNum      oled.o
    0x080028ac   0x080028ac   0x00000070   Code   RO         3783    i.OLED_ShowSignedNum  oled.o
    0x0800291c   0x0800291c   0x00000110   Code   RO         3784    i.OLED_ShowString   oled.o
    0x08002a2c   0x08002a2c   0x00000028   Code   RO         3785    i.OLED_Update       oled.o
    0x08002a54   0x08002a54   0x00000018   Code   RO         3787    i.OLED_W_SCL        oled.o
    0x08002a6c   0x08002a6c   0x00000018   Code   RO         3788    i.OLED_W_SDA        oled.o
    0x08002a84   0x08002a84   0x00000020   Code   RO         3789    i.OLED_WriteCommand  oled.o
    0x08002aa4   0x08002aa4   0x0000002e   Code   RO         3790    i.OLED_WriteData    oled.o
    0x08002ad2   0x08002ad2   0x00000002   PAD
    0x08002ad4   0x08002ad4   0x000000b8   Code   RO         4000    i.PWM_Init          pwm.o
    0x08002b8c   0x08002b8c   0x00000014   Code   RO         4001    i.PWM_SetCompare3   pwm.o
    0x08002ba0   0x08002ba0   0x00000040   Code   RO         4002    i.PWM_SetSpeed      pwm.o
    0x08002be0   0x08002be0   0x00000002   Code   RO         4154    i.PendSV_Handler    stm32f10x_it.o
    0x08002be2   0x08002be2   0x00000002   PAD
    0x08002be4   0x08002be4   0x00000304   Code   RO         3591    i.ProcessMQTTMessage  mqtt.o
    0x08002ee8   0x08002ee8   0x0000004c   Code   RO         3651    i.Queue_Pop         queue.o
    0x08002f34   0x08002f34   0x00000048   Code   RO         3652    i.Queue_Push        queue.o
    0x08002f7c   0x08002f7c   0x00000018   Code   RO         1773    i.RCC_ADCCLKConfig  stm32f10x_rcc.o
    0x08002f94   0x08002f94   0x00000020   Code   RO         1775    i.RCC_APB1PeriphClockCmd  stm32f10x_rcc.o
    0x08002fb4   0x08002fb4   0x00000020   Code   RO         1777    i.RCC_APB2PeriphClockCmd  stm32f10x_rcc.o
    0x08002fd4   0x08002fd4   0x000000d4   Code   RO         1785    i.RCC_GetClocksFreq  stm32f10x_rcc.o
    0x080030a8   0x080030a8   0x0000003a   Code   RO         3320    i.SHT30_CRC8        sht30.o
    0x080030e2   0x080030e2   0x00000002   PAD
    0x080030e4   0x080030e4   0x00000038   Code   RO         4051    i.SHT30_GetData     main.o
    0x0800311c   0x0800311c   0x00000038   Code   RO         3321    i.SHT30_Init        sht30.o
    0x08003154   0x08003154   0x000000c0   Code   RO         3322    i.SHT30_Measure     sht30.o
    0x08003214   0x08003214   0x00000018   Code   RO         3323    i.SHT30_R_SDA       sht30.o
    0x0800322c   0x0800322c   0x00000036   Code   RO         3324    i.SHT30_ReceiveAck  sht30.o
    0x08003262   0x08003262   0x00000032   Code   RO         3325    i.SHT30_ReceiveByte  sht30.o
    0x08003294   0x08003294   0x0000003c   Code   RO         3326    i.SHT30_ReceiveData  sht30.o
    0x080032d0   0x080032d0   0x00000018   Code   RO         3327    i.SHT30_SendAck     sht30.o
    0x080032e8   0x080032e8   0x0000003a   Code   RO         3328    i.SHT30_SendByte    sht30.o
    0x08003322   0x08003322   0x0000002a   Code   RO         3329    i.SHT30_SendCommand  sht30.o
    0x0800334c   0x0800334c   0x0000002e   Code   RO         3330    i.SHT30_Start       sht30.o
    0x0800337a   0x0800337a   0x00000028   Code   RO         3331    i.SHT30_Stop        sht30.o
    0x080033a2   0x080033a2   0x00000002   PAD
    0x080033a4   0x080033a4   0x00000018   Code   RO         3332    i.SHT30_W_SCL       sht30.o
    0x080033bc   0x080033bc   0x00000018   Code   RO         3333    i.SHT30_W_SDA       sht30.o
    0x080033d4   0x080033d4   0x00000002   Code   RO         4155    i.SVC_Handler       stm32f10x_it.o
    0x080033d6   0x080033d6   0x00000008   Code   RO           24    i.SetSysClock       system_stm32f10x.o
    0x080033de   0x080033de   0x00000002   PAD
    0x080033e0   0x080033e0   0x000000e0   Code   RO           25    i.SetSysClockTo72   system_stm32f10x.o
    0x080034c0   0x080034c0   0x000000d8   Code   RO         3719    i.ShowMenu          menu.o
    0x08003598   0x08003598   0x00000010   Code   RO         4052    i.SysTick_Handler   main.o
    0x080035a8   0x080035a8   0x00000060   Code   RO         4053    i.SysTick_Init      main.o
    0x08003608   0x08003608   0x00000060   Code   RO           27    i.SystemInit        system_stm32f10x.o
    0x08003668   0x08003668   0x00000046   Code   RO         3199    i.TIM2_DelayInit    delay.o
    0x080036ae   0x080036ae   0x00000018   Code   RO         2421    i.TIM_Cmd           stm32f10x_tim.o
    0x080036c6   0x080036c6   0x00000006   Code   RO         2440    i.TIM_GetCounter    stm32f10x_tim.o
    0x080036cc   0x080036cc   0x00000012   Code   RO         2446    i.TIM_ITConfig      stm32f10x_tim.o
    0x080036de   0x080036de   0x0000000c   Code   RO         2448    i.TIM_InternalClockConfig  stm32f10x_tim.o
    0x080036ea   0x080036ea   0x00000002   PAD
    0x080036ec   0x080036ec   0x000000a0   Code   RO         2460    i.TIM_OC3Init       stm32f10x_tim.o
    0x0800378c   0x0800378c   0x00000014   Code   RO         2468    i.TIM_OCStructInit  stm32f10x_tim.o
    0x080037a0   0x080037a0   0x00000004   Code   RO         2484    i.TIM_SetCompare3   stm32f10x_tim.o
    0x080037a4   0x080037a4   0x000000a4   Code   RO         2492    i.TIM_TimeBaseInit  stm32f10x_tim.o
    0x08003848   0x08003848   0x000002f4   Code   RO         3720    i.Temp_Menu         menu.o
    0x08003b3c   0x08003b3c   0x000000a8   Code   RO         3432    i.USART1_IRQHandler  btserial.o
    0x08003be4   0x08003be4   0x0000001e   Code   RO         2957    i.USART_ClearITPendingBit  stm32f10x_usart.o
    0x08003c02   0x08003c02   0x00000018   Code   RO         2960    i.USART_Cmd         stm32f10x_usart.o
    0x08003c1a   0x08003c1a   0x0000001a   Code   RO         2963    i.USART_GetFlagStatus  stm32f10x_usart.o
    0x08003c34   0x08003c34   0x00000054   Code   RO         2964    i.USART_GetITStatus  stm32f10x_usart.o
    0x08003c88   0x08003c88   0x0000004a   Code   RO         2966    i.USART_ITConfig    stm32f10x_usart.o
    0x08003cd2   0x08003cd2   0x00000002   PAD
    0x08003cd4   0x08003cd4   0x000000d8   Code   RO         2967    i.USART_Init        stm32f10x_usart.o
    0x08003dac   0x08003dac   0x0000000a   Code   RO         2974    i.USART_ReceiveData  stm32f10x_usart.o
    0x08003db6   0x08003db6   0x00000008   Code   RO         2977    i.USART_SendData    stm32f10x_usart.o
    0x08003dbe   0x08003dbe   0x00000004   Code   RO         4156    i.UsageFault_Handler  stm32f10x_it.o
    0x08003dc2   0x08003dc2   0x0000003c   Code   RO         3592    i.WaitFor           mqtt.o
    0x08003dfe   0x08003dfe   0x00000002   PAD
    0x08003e00   0x08003e00   0x00000028   Code   RO         4474    i.__0sprintf        mc_w.l(printfa.o)
    0x08003e28   0x08003e28   0x00000026   Code   RO         4564    i.__ARM_fpclassifyf  m_ws.l(fpclassifyf.o)
    0x08003e4e   0x08003e4e   0x0000000a   Code   RO         4566    i.__mathlib_flt_divzero  m_ws.l(funder.o)
    0x08003e58   0x08003e58   0x00000004   Code   RO         4568    i.__mathlib_flt_infnan2  m_ws.l(funder.o)
    0x08003e5c   0x08003e5c   0x00000008   Code   RO         4569    i.__mathlib_flt_invalid  m_ws.l(funder.o)
    0x08003e64   0x08003e64   0x0000000a   Code   RO         4570    i.__mathlib_flt_overflow  m_ws.l(funder.o)
    0x08003e6e   0x08003e6e   0x0000000a   Code   RO         4572    i.__mathlib_flt_underflow  m_ws.l(funder.o)
    0x08003e78   0x08003e78   0x0000000e   Code   RO         4640    i.__scatterload_copy  mc_w.l(handlers.o)
    0x08003e86   0x08003e86   0x00000002   Code   RO         4641    i.__scatterload_null  mc_w.l(handlers.o)
    0x08003e88   0x08003e88   0x0000000e   Code   RO         4642    i.__scatterload_zeroinit  mc_w.l(handlers.o)
    0x08003e96   0x08003e96   0x00000002   PAD
    0x08003e98   0x08003e98   0x0000000c   Code   RO         4610    i.__set_errno       mc_w.l(errno.o)
    0x08003ea4   0x08003ea4   0x00000184   Code   RO         4479    i._fp_digits        mc_w.l(printfa.o)
    0x08004028   0x08004028   0x000006b4   Code   RO         4480    i._printf_core      mc_w.l(printfa.o)
    0x080046dc   0x080046dc   0x00000024   Code   RO         4481    i._printf_post_padding  mc_w.l(printfa.o)
    0x08004700   0x08004700   0x0000002e   Code   RO         4482    i._printf_pre_padding  mc_w.l(printfa.o)
    0x0800472e   0x0800472e   0x0000000a   Code   RO         4484    i._sputc            mc_w.l(printfa.o)
    0x08004738   0x08004738   0x000001fc   Code   RO         4054    i.main              main.o
    0x08004934   0x08004934   0x0000000c   Code   RO         4055    i.millis            main.o
    0x08004940   0x08004940   0x00000620   Code   RO         4215    i.powf              m_ws.l(powf.o)
    0x08004f60   0x08004f60   0x00000094   Code   RO         4224    i.round             m_ws.l(round.o)
    0x08004ff4   0x08004ff4   0x00000010   Data   RO         3593    .constdata          mqtt.o
    0x08005004   0x08005004   0x0000093f   Data   RO         3988    .constdata          oled_data.o
    0x08005943   0x08005943   0x00000001   PAD
    0x08005944   0x08005944   0x00000140   Data   RO         4216    .constdata          m_ws.l(powf.o)
    0x08005a84   0x08005a84   0x0000027e   Data   RO         3594    .conststring        mqtt.o
    0x08005d02   0x08005d02   0x00000002   PAD
    0x08005d04   0x08005d04   0x00000020   Data   RO         4638    Region$$Table       anon$$obj.o


    Execution Region RW_IRAM1 (Exec base: 0x20000000, Load base: 0x08005d24, Size: 0x000013d8, Max: 0x00005000, ABSOLUTE)

    Exec Addr    Load Addr    Size         Type   Attr      Idx    E Section Name        Object

    0x20000000   0x08005d24   0x00000014   Data   RW           28    .data               system_stm32f10x.o
    0x20000014   0x08005d38   0x00000014   Data   RW         1805    .data               stm32f10x_rcc.o
    0x20000028   0x08005d4c   0x00000004   Data   RW         3280    .data               key.o
    0x2000002c   0x08005d50   0x00000007   Data   RW         3435    .data               btserial.o
    0x20000033   0x08005d57   0x00000002   Data   RW         3654    .data               queue.o
    0x20000035   0x08005d59   0x00000005   Data   RW         3721    .data               menu.o
    0x2000003a   0x08005d5e   0x00000002   PAD
    0x2000003c   0x08005d60   0x00000034   Data   RW         4057    .data               main.o
    0x20000070   0x08005d94   0x00000004   Data   RW         4611    .data               mc_w.l(errno.o)
    0x20000074        -       0x00000164   Zero   RW         3434    .bss                btserial.o
    0x200001d8        -       0x00000800   Zero   RW         3653    .bss                queue.o
    0x200009d8        -       0x00000400   Zero   RW         3792    .bss                oled.o
    0x20000dd8        -       0x00000200   Zero   RW         4056    .bss                main.o
    0x20000fd8        -       0x00000400   Zero   RW           17    STACK               startup_stm32f10x_md.o


==============================================================================

Image component sizes


      Code (inc. data)   RO Data    RW Data    ZI Data      Debug   Object Name

       624         60          0          7        356       5026   btserial.o
        80         12          0          0          0       1367   buzzer.o
         0          0          0          0          0       4532   core_cm3.o
       130          0          0          0          0       1495   delay.o
       276         90          0          0          0       2691   esp8266.o
       426         44          0          4          0       3124   key.o
        84         14          0          0          0       1332   led.o
      1428        288          0         52        512      21685   main.o
      1660        264          0          5          0       4351   menu.o
       132         22          0          0          0     213831   misc.o
       420         40          0          0          0       2232   mq2.o
      3028       1438        654          0          0       7753   mqtt.o
      1772         52          0          0       1024      12890   oled.o
         0          0       2367          0          0       1118   oled_data.o
       268         24          0          0          0       1688   pwm.o
       148         26          0          2       2048       2249   queue.o
       752         40          0          0          0       8051   sht30.o
        36          8        236          0       1024        780   startup_stm32f10x_md.o
       394         10          0          0          0      18437   stm32f10x_adc.o
       314          0          0          0          0      12412   stm32f10x_gpio.o
        24          0          0          0          0       3412   stm32f10x_it.o
       300         38          0         20          0      13565   stm32f10x_rcc.o
       408         52          0          0          0      25234   stm32f10x_tim.o
       472          6          0          0          0      12587   stm32f10x_usart.o
       328         28          0         20          0      45597   system_stm32f10x.o

    ----------------------------------------------------------------------
     13536       2556       3292        112       4964     427439   Object Totals
         0          0         32          0          0          0   (incl. Generated)
        32          0          3          2          0          0   (incl. Padding)

    ----------------------------------------------------------------------

      Code (inc. data)   RO Data    RW Data    ZI Data      Debug   Library Member Name

        38          0          0          0          0         68   fpclassifyf.o
        42          0          0          0          0        340   funder.o
      1568         80        320          0          0        224   powf.o
       148         12          0          0          0         88   round.o
         0          0          0          0          0          0   entry.o
         0          0          0          0          0          0   entry10a.o
         0          0          0          0          0          0   entry11a.o
         4          0          0          0          0          0   entry12b.o
         8          4          0          0          0          0   entry2.o
         4          0          0          0          0          0   entry5.o
         0          0          0          0          0          0   entry7b.o
         0          0          0          0          0          0   entry8b.o
         8          4          0          0          0          0   entry9a.o
        12          6          0          4          0         68   errno.o
        30          0          0          0          0          0   handlers.o
        36          8          0          0          0         68   init.o
         0          0          0          0          0          0   iusefp.o
        30          0          0          0          0         68   llshl.o
        36          0          0          0          0         68   llsshr.o
        32          0          0          0          0         68   llushr.o
      2236         86          0          0          0        532   printfa.o
        20          0          0          0          0         68   strchr.o
        28          0          0          0          0         76   strcmp.o
        18          0          0          0          0         68   strcpy.o
        24          0          0          0          0         76   strncpy.o
        36          0          0          0          0         80   strstr.o
        44          0          0          0          0         80   uidiv.o
        98          0          0          0          0         92   uldiv.o
        48          0          0          0          0         68   cdcmple.o
        48          0          0          0          0         68   cdrcmple.o
        20          0          0          0          0         68   cfcmple.o
        20          0          0          0          0         68   cfrcmple.o
        56          0          0          0          0         88   d2f.o
       334          0          0          0          0        148   dadd.o
       222          0          0          0          0        100   ddiv.o
       186          0          0          0          0        176   depilogue.o
        50          0          0          0          0         76   dfixui.o
        48          0          0          0          0         68   dfixul.o
        26          0          0          0          0         76   dfltui.o
       228          0          0          0          0         96   dmul.o
       136          4          0          0          0         92   drnd.o
        38          0          0          0          0         68   f2d.o
       176          0          0          0          0        140   fadd.o
       124          0          0          0          0         88   fdiv.o
       110          0          0          0          0        168   fepilogue.o
        50          0          0          0          0         68   ffixi.o
        76          0          0          0          0         76   ffixir.o
        40          0          0          0          0         68   ffixui.o
        18          0          0          0          0         68   fflti.o
        10          0          0          0          0         68   ffltui.o
       100          0          0          0          0         76   fmul.o
         4          0          0          0          0         68   fpstat.o
        24          0          0          0          0         68   fscalb.o

    ----------------------------------------------------------------------
      6696        204        320          4          0       4348   Library Totals
         4          0          0          0          0          0   (incl. Padding)

    ----------------------------------------------------------------------

      Code (inc. data)   RO Data    RW Data    ZI Data      Debug   Library Name

      1796         92        320          0          0        720   m_ws.l
      2704        108          0          4          0       1412   mc_w.l
      2192          4          0          0          0       2216   mf_w.l

    ----------------------------------------------------------------------
      6696        204        320          4          0       4348   Library Totals

    ----------------------------------------------------------------------

==============================================================================


      Code (inc. data)   RO Data    RW Data    ZI Data      Debug   

     20232       2760       3612        116       4964     422527   Grand Totals
     20232       2760       3612        116       4964     422527   ELF Image Totals
     20232       2760       3612        116          0          0   ROM Totals

==============================================================================

    Total RO  Size (Code + RO Data)                23844 (  23.29kB)
    Total RW  Size (RW Data + ZI Data)              5080 (   4.96kB)
    Total ROM Size (Code + RO Data + RW Data)      23960 (  23.40kB)

==============================================================================

